DUP  | 94857688 | Airswift | Junior Civil Drafter - Perth  | same SEEK job already in the tracker
DUP  | 94848610 | STP Consultants | Junior Civil Draftsperson | same SEEK job already in the tracker
DUP  | 94936643 | Maker Consulting Services | Graduate and Undergraduate Civil Engineers | same SEEK job already in the tracker
DUP  | 94989573 | Wallbridge Gilbert Aztec | Civil Designer | same SEEK job already in the tracker
DUP  | 95023909 | Seymour Whyte Constructions | Graduate Civil Engineer | recent outreach to the same employer (Graduate Program - Civil Engineering · MANUAL_APPLIED · 2026-09-27)
DUP  | 95048696 | PlanCon Build | Civil Engineering Draftsperson | same SEEK job already in the tracker
DUP  | 95042386 | Aptus | Civil Engineering | $100,000 - $140,000 + | Deliver SEQ's Future | same SEEK job already in the tracker
DUP  | 94984726 | STP Consultants | Junior Structural Draftsperson | recent outreach to the same employer (Junior Civil Draftsperson · READY_JEREMIE_SEEK · 2026-09-30)
DUP  | 94945295 | SSA Group | Civil Designers | All Levels | QLD | recent outreach to the same employer (Civil Design Engineer · MANUAL_APPLIED · 2026-08-06)
new  | 95038050 | ABS Civil WA Pty Ltd | Civil Estimator - Earthworks | new
DUP  | 95020684 | D&J's Civil Construction Pty Ltd | Civil Engineer | recent outreach to the same employer (Civil Site Engineer · MANUAL_APPLIED · 2026-07-10)
DUP  | 95001351 | City of Greater Geraldton | Graduate Engineering Officer | same SEEK job already in the tracker
new  | 94864674 | Gamuda Australia Branch | 2027 DT Infrastructure Undergraduate Opportunities - Engineering | new
DUP  | 95042927 | Strand Excavations | Civil Engineering Technician | same SEEK job already in the tracker
new  | 95021621 | Ertech Pty Ltd | Project Engineer (Civil) | new
DUP  | 94996381 | Mildura Rural City Council | Design Engineering Officer | same SEEK job already in the tracker
DUP  | 94960289 | City of Busselton | CIVIL DESIGNER | same SEEK job already in the tracker
DUP  | 94954590 | Terpkos Engineering | Junior Draftsperson and Structural Draftsperson | same SEEK job already in the tracker
new  | 94839731 | City of Gold Coast | Undergraduate Engineers | new
new  | 95054464 | Talent Web Property | Civil Design Engineer | new
DUP  | 95050602 | Ivory Group | Civil Engineer | recent outreach to the same employer (Site Engineer · MANUAL_APPLIED · 2026-07-20)
DUP  | 95021629 | Westera Partners Pty Ltd | Civil Design Engineer - Brisbane | recent outreach to the same employer (Graduate Program application - civil engineering / design documentation (standing employer-published graduate intake; no dated vacancy) · PREPARED_NOT_SENT · 2026-09-11)
DUP  | 95013854 | Whitehorse City Council | Asset Engineer | same SEEK job already in the tracker
DUP  | 94993048 | Moon Recruitment | Engineering Technical Officer | same SEEK job already in the tracker
new  | 94825304 | Vorstrom | Cadet Draftsperson | new
DUP  | 95030963 | SRG Global | Site Engineer | same SEEK job already in the tracker
new  | 95021747 | Contec Recruitment Pty Ltd | Civil Estimator  | new
DUP  | 95021585 | Cascada | AutoCAD Draftsperson - Reinforced Concrete | same SEEK job already in the tracker
new  | 94956743 | Formstruct | Estimator  - Civil & NPI | new
new  | 95052080 | RSG Recruitment Aust Pty Ltd | Project Engineer | new
DUP  | 95017184 | City of South Perth | Engineering Technical Officer - Engineering Design | same SEEK job already in the tracker
DUP  | 94998155 | City of Newcastle | Cadet Engineer | same SEEK job already in the tracker
DUP  | 94842964 | KEE Group | Junior Estimator | same SEEK job already in the tracker
new  | 95053124 | RSG Recruitment Aust Pty Ltd | Project Engineer | new
new  | 95036163 | Totem Civil Services group PTY LTD | Project Engineer/ Site Engineer | new
new  | 95021786 | SCP Consulting Pty Ltd | Draftsperson | new
new  | 95002679 | Sunshine Coast Council | Design Engineer | new
DUP  | 95007162 | Inhabit Group | Graduate Consultant - Rail | same SEEK job already in the tracker
new  | 94991390 | Sunshine Coast Council | Design Engineer | new
DUP  | 94972758 | Information Quality | Junior in Engineering Drafting | same SEEK job already in the tracker
new  | 94930821 | Project BA | Cadet Building Certifier / Engineering Graduate | new
new  | 94909348 | Satake Australia Pty Ltd | Draftsperson | new
DUP  | 94904094 | ACCENT BENCHTOPS | Junior CAD Draftsperson / Production Designer | same SEEK job already in the tracker
new  | 94881775 | Endeavour Constructions (WA) Pty Ltd | Junior Draftsperson | new
DUP  | 95049932 | The Global Beauty Group | Junior/Graduate Engineer | recent outreach to the same employer (Graduate Engineer · READY_JEREMIE_SEEK · 2026-10-03)
new  | 95047165 | GRANITE GROUP | Draftsperson | new
new  | 95042297 | Scotford Fennessy Recruitment | Civil Engineer | new
new  | 95037323 | Scotford Fennessy Recruitment | Senoir Structural Drafter - Gold Coast | new
new  | 95028317 | In2work Pty Ltd | NEW! Project Engineers FIFO and East Coast DTMR Projects! | new
new  | 95020068 | AMT CIVILS | Project Engineer – Bulk Earthworks | 2:1 Roster | Immediate Start | new
