DUP  | 94936643 | Maker Consulting Services | Graduate and Undergraduate Civil Engineers | same SEEK job already in the tracker
new  | 94969508 | GPA Engineering | Civil/Structural Drafter – ADL | new
DUP  | 94904264 | City of Adelaide | Graduate, Civil Engineer | same SEEK job already in the tracker
new  | 94961556 | Brunel | Project Engineer - Civil | new
DUP  | 94984726 | STP Consultants | Junior Structural Draftsperson | recent outreach to the same employer (Junior Civil Draftsperson · READY_JEREMIE_SEEK · 2026-09-30)
DUP  | 94945295 | SSA Group | Civil Designers | All Levels | QLD | recent outreach to the same employer (Civil Design Engineer · MANUAL_APPLIED · 2026-08-06)
new  | 94940114 | NOTAZ International PTY LTD | Civil engineering draftsperson | new
new  | 94939236 | Roesner and Hamilton Consulting Engineers Pty Ltd | Civil Engineering Draftsperson | new
DUP  | 94930149 | McMahon Services | Site Engineer - Civil Utilities | same SEEK job already in the tracker
DUP  | 94911522 | PlusJob | Civil Engineering Draftsperson | same SEEK job already in the tracker
DUP  | 94969053 | Charles Hull Contracting Co P/L | QA Officer / Graduate Civil Engineer | same SEEK job already in the tracker
new  | 94951825 | Coleman Recruitment | Graduate Civil Engineer - Multiple Positions | new
new  | 94945333 | Verra Recruitment Pty Ltd | Project Engineer / Site Engineer - Civil | Relocate to Mackay | new
new  | 94973025 | Optimum Consulting Group | Civil Engineer | new
new  | 94969016 | QCCS | Civil Project Engineer | new
DUP  | 94960604 | Menai Civil Contractors | Cadet Site Engineer | recent outreach to the same employer (Site Engineer · MANUAL_APPLIED · 2026-07-07)
new  | 94960289 | City of Busselton | CIVIL DESIGNER | new
DUP  | 94982627 | TBH Consulting | Consultant – Civil Engineer | same SEEK job already in the tracker
DUP  | 94954590 | Terpkos Engineering | Junior Draftsperson and Structural Draftsperson | same SEEK job already in the tracker
new  | 94938260 | Strategic Project Delivery | Civil Design Engineer | new
new  | 94935564 | Queanbeyan-Palerang Regional Council | Trainee - Civil Construction | new
new  | 94902917 | Employment Matters | CIVIL CONSTRUCTION TRAINEE | new
DUP  | 94963197 | ConsultANZ | Site Engineer/Project Engineer | recent outreach to the same employer (Site Engineer/ Project Engineer · MANUAL_APPLIED · 2026-07-15)
new  | 94961163 | Brunel | Project Engineer  | new
new  | 94958409 | Right Connect | Structural Drafter | new
new  | 94950957 | Milo Geotechnical | Civil Engineer | new
new  | 94939016 | Egis | Civil Engineer (Urban Development) | new
DUP  | 94936455 | Maker Consulting Services | Civil Engineer | recent outreach to the same employer (Graduate and Undergraduate Civil Engineers · PREPARED_NOT_SENT · 2026-09-30)
DUP  | 94932703 | Central Highlands Water | Graduate Infrastructure Planning and Delivery | same SEEK job already in the tracker
DUP  | 94931164 | DT Infrastructure | Project Engineers/ Site Engineers- Marinus Link Project | recent outreach to the same employer (2027 DT Infrastructure Graduate Program - Engineering · APPLICATION_UNDER_REVIEW · 2026-09-27)
DUP  | 94929929 | L+R Consulting | Civil Engineer | recent outreach to the same employer (Civil Engineer · MANUAL_APPLIED · 2026-08-07)
new  | 94956743 | Formstruct | Estimator  - Civil & NPI | new
new  | 94950379 | Ertech Pty Ltd | Project Engineer (Civil) | new
DUP  | 94941345 | Chalouhi | Site Engineer | same company and role already in the tracker
DUP  | 94938752 | City of Armadale | Graduate Engineer | same SEEK job already in the tracker
new  | 94936909 | City of Joondalup | Skilled General Hand - Engineering Construction (Civil) | new
new  | 94934404 | Ertech Pty Ltd | Project Engineer (Civil) | new
new  | 94931757 | Core Talent | Site Engineer | new
DUP  | 94929502 | UGL CPB Humelink West | Project Engineer - Civil | same SEEK job already in the tracker
DUP  | 94925455 | Hanlons Consulting | Civil Engineer/Civil Designer | same SEEK job already in the tracker
new  | 94916158 | WYN&CO Search Recruitment & Payroll | Civil Project Engineer | new
new  | 94912548 | AWCON Pty Ltd | Estimator – Mining & Civil Construction | new
new  | 94978646 | Smith & Co | Estimator | new
new  | 94944895 | TTW (NSW) Pty Ltd | Structural Revit Drafter | new
new  | 94984460 | CONCRETE SEAL PTY LTD | Cadet Estimator & Project Coordinator — Commercial Waterproofing | new
new  | 94972758 | Information Quality | Junior in Engineering Drafting | new
new  | 94958365 | Symal | Project Engineer | new
DUP  | 94943602 | Fulton Hogan Australia Pty Limited | Site Engineer | recent outreach to the same employer (Junior Estimator (Infrastructure Services) · READY_JEREMIE_EMPLOYER_PORTAL · 2026-09-28)
new  | 94940251 | Martin Metal Works Pty Ltd | Design Draftsperson – Autodesk Inventor | new
new  | 94939741 | Talent Scout Consulting | Draftsperson - Manufacturing & Fabrication | new
new  | 94937680 | CPB Contractors VIC & TAS | Site Engineer Leakes Road (Engineering) | new
new  | 94936602 | Peopleconnexion Recruitment | Site Engineer - Geotechnical | new
new  | 94930821 | Project BA | Cadet Building Certifier / Engineering Graduate | new
DUP  | 94917224 | Constructability Recruitment | Site Engineers & Project Engineers | Data Centres and roads | Sydney | recent outreach to the same employer (Graduate Engineer and Site Engineer | Sydney / FIFO · MANUAL_APPLIED · 2026-07-27)
new  | 94913320 | Dubbo Regional Council | Design Engineer | new
new  | 94911870 | Resource E | Site Engineer (3-6month Contract Role) | new
new  | 94909348 | Satake Australia Pty Ltd | Draftsperson | new
new  | 94907504 | SEE Group | Project Engineer & Site Engineer | new
DUP  | 94904094 | ACCENT BENCHTOPS | Junior CAD Draftsperson / Production Designer | same SEEK job already in the tracker
new  | 94962216 | Croudace Constructs | Junior Estimator | new
