{
 "built": [
  [
   "01d49161-66c4-472b-a532-b73021055385",
   "Aurecon",
   "Civil Engineer, Land Infrastructure",
   "READY_JEREMIE_EMPLOYER_PORTAL"
  ],
  [
   "31fb5726-e3ca-40cc-ad82-4d1281833951",
   "Coleman Recruitment",
   "Graduate Civil Engineer - Multiple Positions",
   "PREPARED_NOT_SENT"
  ]
 ],
 "rejected": [],
 "tracker": {
  "version": 39,
  "updated_at": "2026-09-30T23:29:51.514Z",
  "result": {
   "added": [
    "01d49161-66c4-472b-a532-b73021055385",
    "31fb5726-e3ca-40cc-ad82-4d1281833951"
   ],
   "skipped": []
  }
 }
}
