DUP  | 94936643 | Maker Consulting Services | Graduate and Undergraduate Civil Engineers | same SEEK job already in the tracker
new  | 94877601 | Quickway Constructions | Undergraduate Civil Engineer | new
DUP  | 95001725 | Aurecon | Civil Designer, Roads & Highways SEQ | recent outreach to the same employer (Civil Engineer, Land Infrastructure · READY_JEREMIE_EMPLOYER_PORTAL · 2026-09-30)
DUP  | 94989573 | Wallbridge Gilbert Aztec | Civil Designer | same SEEK job already in the tracker
DUP  | 95023909 | Seymour Whyte Constructions | Graduate Civil Engineer | recent outreach to the same employer (Graduate Program - Civil Engineering · MANUAL_APPLIED · 2026-09-27)
DUP  | 94987987 | D&J's Civil Construction Pty Ltd | Graduate Civil Engineer | recent outreach to the same employer (Civil Site Engineer · MANUAL_APPLIED · 2026-07-10)
new  | 94969508 | GPA Engineering | Civil/Structural Drafter – ADL | new
new  | 94871250 | WorkPac Technical and Operations | Civil Engineer – Urban Development & Infrastructure | new
DUP  | 94870253 | Australian Ground Technologies | Junior Civil Engineer – Retaining Walls | same SEEK job already in the tracker
DUP  | 94857780 | Sydney Earthworks | JUNIOR ESTIMATOR - CIVIL / EARTHWORKS | same SEEK job already in the tracker
new  | 94961556 | Brunel | Project Engineer - Civil | new
DUP  | 95042386 | Aptus | Civil Engineering | $100,000 - $140,000 + | Deliver SEQ's Future | same SEEK job already in the tracker
DUP  | 94985965 | Brisbane Truss and Timber | Civil Engineer Draftsperson | same SEEK job already in the tracker
DUP  | 94984726 | STP Consultants | Junior Structural Draftsperson | recent outreach to the same employer (Junior Civil Draftsperson · READY_JEREMIE_SEEK · 2026-09-30)
DUP  | 94945295 | SSA Group | Civil Designers | All Levels | QLD | recent outreach to the same employer (Civil Design Engineer · MANUAL_APPLIED · 2026-08-06)
DUP  | 94940114 | NOTAZ International PTY LTD | Civil engineering draftsperson | same SEEK job already in the tracker
DUP  | 94911522 | PlusJob | Civil Engineering Draftsperson | same SEEK job already in the tracker
DUP  | 94181392 | Stantec Australia Pty Ltd | Civil Designer | recent outreach to the same employer (Civil Cadet Drafter - QLD · READY_JEREMIE_EMPLOYER_PORTAL · 2026-09-12)
new  | 94783397 | Infrastructure Engineering Group | Utilities Engineer – Civil Infrastructure | new
new  | 95038050 | ABS Civil WA Pty Ltd | Civil Estimator - Earthworks | new
DUP  | 95020684 | D&J's Civil Construction Pty Ltd | Civil Engineer | recent outreach to the same employer (Civil Site Engineer · MANUAL_APPLIED · 2026-07-10)
DUP  | 95001351 | City of Greater Geraldton | Graduate Engineering Officer | same SEEK job already in the tracker
DUP  | 94969053 | Charles Hull Contracting Co P/L | QA Officer / Graduate Civil Engineer | same SEEK job already in the tracker
new  | 94900572 | Aptus | Civil 3D | Civil Design + Engineering | $110K - $135K + | new
new  | 95021621 | Ertech Pty Ltd | Project Engineer (Civil) | new
DUP  | 94996381 | Mildura Rural City Council | Design Engineering Officer | same SEEK job already in the tracker
new  | 94958791 | ADF Careers | Part-Time Civil Engineer (Tax-Free Pay) | new
new  | 94973025 | Optimum Consulting Group | Civil Engineer | new
new  | 94969016 | QCCS | Civil Project Engineer | new
DUP  | 94960604 | Menai Civil Contractors | Cadet Site Engineer | recent outreach to the same employer (Site Engineer · MANUAL_APPLIED · 2026-07-07)
DUP  | 94982627 | TBH Consulting | Consultant – Civil Engineer | same SEEK job already in the tracker
DUP  | 94954590 | Terpkos Engineering | Junior Draftsperson and Structural Draftsperson | same SEEK job already in the tracker
DUP  | 95021629 | Westera Partners Pty Ltd | Civil Design Engineer - Brisbane | recent outreach to the same employer (Graduate Program application - civil engineering / design documentation (standing employer-published graduate intake; no dated vacancy) · PREPARED_NOT_SENT · 2026-09-11)
DUP  | 95013854 | Whitehorse City Council | Asset Engineer | same SEEK job already in the tracker
DUP  | 95012054 | Stantec Australia Pty Ltd | Civil Engineer | recent outreach to the same employer (Civil Cadet Drafter - QLD · READY_JEREMIE_EMPLOYER_PORTAL · 2026-09-12)
DUP  | 95011985 | Stantec Australia Pty Ltd | Civil Engineering Team Leader | recent outreach to the same employer (Civil Cadet Drafter - QLD · READY_JEREMIE_EMPLOYER_PORTAL · 2026-09-12)
new  | 94995704 | Xeros Piccolo Consulting Engineers | Structural/Civil Engineer | new
DUP  | 94993048 | Moon Recruitment | Engineering Technical Officer | same SEEK job already in the tracker
DUP  | 94991047 | Inhabit Group | Civil Engineer | same SEEK job already in the tracker
DUP  | 94985294 | Stantec Australia Pty Ltd | Civil Engineer | recent outreach to the same employer (Civil Cadet Drafter - QLD · READY_JEREMIE_EMPLOYER_PORTAL · 2026-09-12)
DUP  | 94963197 | ConsultANZ | Site Engineer/Project Engineer | recent outreach to the same employer (Site Engineer/ Project Engineer · MANUAL_APPLIED · 2026-07-15)
new  | 94961163 | Brunel | Project Engineer  | new
DUP  | 94936455 | Maker Consulting Services | Civil Engineer | recent outreach to the same employer (Graduate and Undergraduate Civil Engineers · PREPARED_NOT_SENT · 2026-09-30)
DUP  | 94932703 | Central Highlands Water | Graduate Infrastructure Planning and Delivery | same SEEK job already in the tracker
DUP  | 94847650 | STP Consultants | Civil Engineer | recent outreach to the same employer (Junior Civil Draftsperson · READY_JEREMIE_SEEK · 2026-09-30)
DUP  | 94842398 | Northrop Consulting Engineers Pty Ltd | Civil Engineer | recent outreach to the same employer (Expression of Interest / Tell Us About You - early career civil · READY_JEREMIE_EMPLOYER_FORM · 2026-10-02)
DUP  | 95030963 | SRG Global | Site Engineer | same SEEK job already in the tracker
new  | 95021747 | Contec Recruitment Pty Ltd | Civil Estimator  | new
DUP  | 95021585 | Cascada | AutoCAD Draftsperson - Reinforced Concrete | same SEEK job already in the tracker
DUP  | 94990797 | CPB Contractors NSW ACT | Site Engineer - Infrastructure, Building, Trades & Works | same SEEK job already in the tracker
