{
 "built": [
  [
   "853d0c68-b09e-48ff-9cb6-f88ec83ae60e",
   "Egis",
   "Graduate Consultant - Rail",
   "READY_JEREMIE_SEEK"
  ],
  [
   "3f29de1d-0e2c-4e18-a8de-8e7d1dfef6bd",
   "Projex Partners",
   "Expressions of Interest – Civil Designers, Civil Engineers & Structural Engineers",
   "PREPARED_NOT_SENT"
  ]
 ],
 "rejected": [],
 "tracker": {
  "version": 46,
  "updated_at": "2026-10-01T19:32:21.064Z",
  "result": {
   "added": [
    "853d0c68-b09e-48ff-9cb6-f88ec83ae60e",
    "3f29de1d-0e2c-4e18-a8de-8e7d1dfef6bd"
   ],
   "skipped": []
  }
 }
}
