{
 "built": [
  [
   "948dd9b4-b73a-4688-925c-f70fa89a8b8d",
   "Calibre Group",
   "Graduate Engineer - Roads & Highways",
   "READY_JEREMIE_EMPLOYER_PORTAL"
  ],
  [
   "1f1a782e-dedf-4936-aa53-c541f14d8581",
   "Taylors Development Strategists",
   "Graduate civil engineer or civil draftsperson - expression of interest (Melbourne)",
   "PREPARED_NOT_SENT"
  ]
 ],
 "rejected": [],
 "tracker": {
  "version": 56,
  "updated_at": "2026-10-03T11:31:33.739Z",
  "result": {
   "added": [
    "948dd9b4-b73a-4688-925c-f70fa89a8b8d",
    "1f1a782e-dedf-4936-aa53-c541f14d8581"
   ],
   "skipped": []
  }
 }
}
