DUP  | 95001725 | Aurecon | Civil Designer, Roads & Highways SEQ | recent outreach to the same employer (Civil Engineer, Land Infrastructure · READY_JEREMIE_EMPLOYER_PORTAL · 2026-09-30)
DUP  | 94989573 | Wallbridge Gilbert Aztec | Civil Designer | same SEEK job already in the tracker
DUP  | 95023909 | Seymour Whyte Constructions | Graduate Civil Engineer | recent outreach to the same employer (Graduate Program - Civil Engineering · MANUAL_APPLIED · 2026-09-27)
DUP  | 94987987 | D&J's Civil Construction Pty Ltd | Graduate Civil Engineer | recent outreach to the same employer (Civil Site Engineer · MANUAL_APPLIED · 2026-07-10)
new  | 94969508 | GPA Engineering | Civil/Structural Drafter – ADL | new
new  | 94961556 | Brunel | Project Engineer - Civil | new
DUP  | 94985965 | Brisbane Truss and Timber | Civil Engineer Draftsperson | same SEEK job already in the tracker
DUP  | 94984726 | STP Consultants | Junior Structural Draftsperson | recent outreach to the same employer (Junior Civil Draftsperson · READY_JEREMIE_SEEK · 2026-09-30)
new  | 95038050 | ABS Civil WA Pty Ltd | Civil Estimator - Earthworks | new
DUP  | 95020684 | D&J's Civil Construction Pty Ltd | Civil Engineer | recent outreach to the same employer (Civil Site Engineer · MANUAL_APPLIED · 2026-07-10)
DUP  | 95001351 | City of Greater Geraldton | Graduate Engineering Officer | same SEEK job already in the tracker
DUP  | 94969053 | Charles Hull Contracting Co P/L | QA Officer / Graduate Civil Engineer | same SEEK job already in the tracker
new  | 95021621 | Ertech Pty Ltd | Project Engineer (Civil) | new
DUP  | 94996381 | Mildura Rural City Council | Design Engineering Officer | same SEEK job already in the tracker
new  | 94958791 | ADF Careers | Part-Time Civil Engineer (Tax-Free Pay) | new
new  | 94973025 | Optimum Consulting Group | Civil Engineer | new
new  | 94969016 | QCCS | Civil Project Engineer | new
DUP  | 94960604 | Menai Civil Contractors | Cadet Site Engineer | recent outreach to the same employer (Site Engineer · MANUAL_APPLIED · 2026-07-07)
DUP  | 94960289 | City of Busselton | CIVIL DESIGNER | same SEEK job already in the tracker
DUP  | 94982627 | TBH Consulting | Consultant – Civil Engineer | same SEEK job already in the tracker
DUP  | 94954590 | Terpkos Engineering | Junior Draftsperson and Structural Draftsperson | same SEEK job already in the tracker
DUP  | 95021629 | Westera Partners Pty Ltd | Civil Design Engineer - Brisbane | recent outreach to the same employer (Graduate Program application - civil engineering / design documentation (standing employer-published graduate intake; no dated vacancy) · PREPARED_NOT_SENT · 2026-09-11)
DUP  | 95013854 | Whitehorse City Council | Asset Engineer | same SEEK job already in the tracker
DUP  | 95012054 | Stantec Australia Pty Ltd | Civil Engineer | recent outreach to the same employer (Civil Cadet Drafter - QLD · READY_JEREMIE_EMPLOYER_PORTAL · 2026-09-12)
DUP  | 95011985 | Stantec Australia Pty Ltd | Civil Engineering Team Leader | recent outreach to the same employer (Civil Cadet Drafter - QLD · READY_JEREMIE_EMPLOYER_PORTAL · 2026-09-12)
new  | 94995704 | Xeros Piccolo Consulting Engineers | Structural/Civil Engineer | new
DUP  | 94993048 | Moon Recruitment | Engineering Technical Officer | same SEEK job already in the tracker
DUP  | 94991047 | Inhabit Group | Civil Engineer | same SEEK job already in the tracker
DUP  | 94985294 | Stantec Australia Pty Ltd | Civil Engineer | recent outreach to the same employer (Civil Cadet Drafter - QLD · READY_JEREMIE_EMPLOYER_PORTAL · 2026-09-12)
DUP  | 94963197 | ConsultANZ | Site Engineer/Project Engineer | recent outreach to the same employer (Site Engineer/ Project Engineer · MANUAL_APPLIED · 2026-07-15)
new  | 94961163 | Brunel | Project Engineer  | new
new  | 94958409 | Right Connect | Structural Drafter | new
DUP  | 95030963 | SRG Global | Site Engineer | same SEEK job already in the tracker
new  | 95021747 | Contec Recruitment Pty Ltd | Civil Estimator  | new
DUP  | 95021585 | Cascada | AutoCAD Draftsperson - Reinforced Concrete | same SEEK job already in the tracker
DUP  | 94990797 | CPB Contractors NSW ACT | Site Engineer - Infrastructure, Building, Trades & Works | same SEEK job already in the tracker
new  | 94990020 | Gough Recruitment SA | Civil Estimator | new
new  | 94956743 | Formstruct | Estimator  - Civil & NPI | new
DUP  | 95017184 | City of South Perth | Engineering Technical Officer - Engineering Design | same SEEK job already in the tracker
new  | 94999649 | CPB Contractors NSW ACT | Project Engineer Building & Infrastructure | new
DUP  | 94998155 | City of Newcastle | Cadet Engineer | same SEEK job already in the tracker
new  | 94978646 | Smith & Co | Estimator | new
new  | 95036163 | Totem Civil Services group PTY LTD | Project Engineer/ Site Engineer | new
new  | 95021786 | SCP Consulting Pty Ltd | Draftsperson | new
new  | 95009307 | The Lorian Group | Construction Cadet / Junior PM | new
new  | 95002679 | Sunshine Coast Council | Design Engineer | new
DUP  | 95007162 | Inhabit Group | Graduate Consultant - Rail | same SEEK job already in the tracker
new  | 94994373 | Tungsten Mining | Civil Project Engineer | new
new  | 94991390 | Sunshine Coast Council | Design Engineer | new
new  | 94987271 | Randstad - Construction, Property & Engineering | Estimator | new
DUP  | 94984460 | CONCRETE SEAL PTY LTD | Cadet Estimator & Project Coordinator — Commercial Waterproofing | same SEEK job already in the tracker
DUP  | 94972758 | Information Quality | Junior in Engineering Drafting | same SEEK job already in the tracker
new  | 94958365 | Symal | Project Engineer | new
new  | 95037323 | Scotford Fennessy Recruitment | Senoir Structural Drafter - Gold Coast | new
new  | 95028317 | In2work Pty Ltd | NEW! Project Engineers FIFO and East Coast DTMR Projects! | new
new  | 95020068 | AMT CIVILS | Project Engineer – Bulk Earthworks | 2:1 Roster | Immediate Start | new
new  | 95016703 | CGC Recruitment | Site Engineer - Blue Mountains | new
new  | 95001733 | Silver Yachts Australia Pty Ltd | Fitout/Draftsperson | new
new  | 94994170 | Tognetti Consulting Pty Ltd | Site Engineer - Central Qld - contract | new
new  | 94990129 | Furn-Niche | Graduate Estimator | new
