{
 "built": [
  [
   "6b8d4b67-6fb3-42d0-b0cf-ea4606821ce7",
   "Austral Construction",
   "Engineering Graduate Program",
   "PREPARED_NOT_SENT"
  ],
  [
   "0b597b90-2b69-46f8-b1ea-340016761930",
   "Mackenzie Environmental",
   "Graduate civil or environmental engineer - expression of interest (Kew)",
   "PREPARED_NOT_SENT"
  ]
 ],
 "rejected": [],
 "tracker": {
  "version": 47,
  "updated_at": "2026-10-02T00:23:33.377Z",
  "result": {
   "added": [
    "6b8d4b67-6fb3-42d0-b0cf-ea4606821ce7",
    "0b597b90-2b69-46f8-b1ea-340016761930"
   ],
   "skipped": []
  }
 }
}
