{
 "built": [
  [
   "73e3d4f4-fa0a-47ce-980e-14326cb3d06b",
   "AR Civil Consultancy",
   "CAD Draftsperson (Student)",
   "PREPARED_NOT_SENT"
  ],
  [
   "b48d4b4b-f036-4a19-995c-4e3df196d3e5",
   "onemilegrid",
   "Graduate Traffic / Transport Engineer",
   "PREPARED_NOT_SENT"
  ]
 ],
 "rejected": [],
 "tracker": {
  "version": 173,
  "updated_at": "2026-10-09T22:22:18.109Z",
  "result": {
   "added": [
    "73e3d4f4-fa0a-47ce-980e-14326cb3d06b",
    "b48d4b4b-f036-4a19-995c-4e3df196d3e5"
   ],
   "skipped": []
  }
 }
}
