DUP  | 94857688 | Airswift | Junior Civil Drafter - Perth  | same SEEK job already in the tracker
DUP  | 94848610 | STP Consultants | Junior Civil Draftsperson | same SEEK job already in the tracker
DUP  | 94936643 | Maker Consulting Services | Graduate and Undergraduate Civil Engineers | same SEEK job already in the tracker
new  | 94877601 | Quickway Constructions | Undergraduate Civil Engineer | new
new  | 94989573 | Wallbridge Gilbert Aztec | Civil Designer | new
new  | 94767885 | Shellharbour City Council | Cadet - Civil Engineering | new
DUP  | 94987987 | D&J's Civil Construction Pty Ltd | Graduate Civil Engineer | recent outreach to the same employer (Civil Site Engineer · MANUAL_APPLIED · 2026-07-10)
new  | 94969508 | GPA Engineering | Civil/Structural Drafter – ADL | new
new  | 94871250 | WorkPac Technical and Operations | Civil Engineer – Urban Development & Infrastructure | new
DUP  | 94870253 | Australian Ground Technologies | Junior Civil Engineer – Retaining Walls | same SEEK job already in the tracker
DUP  | 94851275 | JCA Land Consultants | Graduate Civil Engineer - Wodonga | same SEEK job already in the tracker
DUP  | 94850865 | JCA Land Consultants | Graduate Civil Engineer | same SEEK job already in the tracker
DUP  | 94904264 | City of Adelaide | Graduate, Civil Engineer | same SEEK job already in the tracker
DUP  | 94857780 | Sydney Earthworks | JUNIOR ESTIMATOR - CIVIL / EARTHWORKS | same SEEK job already in the tracker
new  | 94829443 | NRW Pty Ltd | Graduate Civil Engineer | new
new  | 94961556 | Brunel | Project Engineer - Civil | new
DUP  | 94851901 | ATC Williams | Cadet Civil Drafter  | same SEEK job already in the tracker
DUP  | 94797070 | Martens & Associates Pty Ltd | Civil Drafter - Junior to Mid Level | same SEEK job already in the tracker
DUP  | 94785391 | JHA Consulting Engineers (NSW) Pty Ltd | Trainee Structural Drafter | same SEEK job already in the tracker
new  | 94985965 | Brisbane Truss and Timber | Civil Engineer Draftsperson | new
DUP  | 94984726 | STP Consultants | Junior Structural Draftsperson | recent outreach to the same employer (Junior Civil Draftsperson · READY_JEREMIE_SEEK · 2026-09-30)
DUP  | 94945295 | SSA Group | Civil Designers | All Levels | QLD | recent outreach to the same employer (Civil Design Engineer · MANUAL_APPLIED · 2026-08-06)
new  | 94940114 | NOTAZ International PTY LTD | Civil engineering draftsperson | new
new  | 94939236 | Roesner and Hamilton Consulting Engineers Pty Ltd | Civil Engineering Draftsperson | new
DUP  | 94930149 | McMahon Services | Site Engineer - Civil Utilities | same SEEK job already in the tracker
DUP  | 94911522 | PlusJob | Civil Engineering Draftsperson | same SEEK job already in the tracker
new  | 94870967 | City of Onkaparinga | Civil Engineer | new
DUP  | 94845689 | Aurecon | Civil Engineer, Land Infrastructure | same SEEK job already in the tracker
new  | 94843448 | ACCIONA Australia | Site Engineers Civils and Structures | new
DUP  | 94797040 | Gunnedah Shire Council | Civil Survey & Design Officer - Cadet or Graduate Opportunity Available | same SEEK job already in the tracker
DUP  | 94699468 | Camco SA | Undergraduate - Project Engineer (Final Year) | recent outreach to the same employer (Undergraduate - Project Engineer (Final Year) · MANUAL_APPLIED · 2026-07-03)
DUP  | 94685572 | Melbourne Truss Pty Ltd | Civil Engineering Draftsperson | same SEEK job already in the tracker
DUP  | 94969053 | Charles Hull Contracting Co P/L | QA Officer / Graduate Civil Engineer | same SEEK job already in the tracker
DUP  | 94951825 | Coleman Recruitment | Graduate Civil Engineer - Multiple Positions | same SEEK job already in the tracker
new  | 94945333 | Verra Recruitment Pty Ltd | Project Engineer / Site Engineer - Civil | Relocate to Mackay | new
new  | 94900572 | Aptus | Civil 3D | Civil Design + Engineering | $110K - $135K + | new
new  | 94864674 | Gamuda Australia Branch | 2027 DT Infrastructure Undergraduate Opportunities - Engineering | new
new  | 94711391 | Public Sector People | Engineer Civil Asset Maintenance x 2 | new
new  | 94973025 | Optimum Consulting Group | Civil Engineer | new
new  | 94969016 | QCCS | Civil Project Engineer | new
DUP  | 94960604 | Menai Civil Contractors | Cadet Site Engineer | recent outreach to the same employer (Site Engineer · MANUAL_APPLIED · 2026-07-07)
new  | 94960289 | City of Busselton | CIVIL DESIGNER | new
DUP  | 94982627 | TBH Consulting | Consultant – Civil Engineer | same SEEK job already in the tracker
DUP  | 94954590 | Terpkos Engineering | Junior Draftsperson and Structural Draftsperson | same SEEK job already in the tracker
new  | 94938260 | Strategic Project Delivery | Civil Design Engineer | new
new  | 94935564 | Queanbeyan-Palerang Regional Council | Trainee - Civil Construction | new
DUP  | 94902917 | Employment Matters | CIVIL CONSTRUCTION TRAINEE | same SEEK job already in the tracker
new  | 94839731 | City of Gold Coast | Undergraduate Engineers | new
new  | 94782577 | Skyhook Engineering | Structural Draftsperson (Revit) | new
DUP  | 94769640 | City of Swan | Trainee Entry Level General Hand | recent outreach to the same employer (Graduate Engineer Program — register interest · READY_JEREMIE_EMPLOYER_FORM · 2026-09-11)
DUP  | 94727791 | Inner West Council | Student/Graduate Engineer (Road Access) | same SEEK job already in the tracker
new  | 94993048 | Moon Recruitment | Engineering Technical Officer | new
new  | 94991047 | Inhabit Group | Civil Engineer | new
DUP  | 94985294 | Stantec Australia Pty Ltd | Civil Engineer | recent outreach to the same employer (Civil Cadet Drafter - QLD · READY_JEREMIE_EMPLOYER_PORTAL · 2026-09-12)
DUP  | 94963197 | ConsultANZ | Site Engineer/Project Engineer | recent outreach to the same employer (Site Engineer/ Project Engineer · MANUAL_APPLIED · 2026-07-15)
new  | 94961163 | Brunel | Project Engineer  | new
new  | 94958409 | Right Connect | Structural Drafter | new
new  | 94950957 | Milo Geotechnical | Civil Engineer | new
new  | 94939016 | Egis | Civil Engineer (Urban Development) | new
DUP  | 94936455 | Maker Consulting Services | Civil Engineer | recent outreach to the same employer (Graduate and Undergraduate Civil Engineers · PREPARED_NOT_SENT · 2026-09-30)
DUP  | 94932703 | Central Highlands Water | Graduate Infrastructure Planning and Delivery | same SEEK job already in the tracker
DUP  | 94931164 | DT Infrastructure | Project Engineers/ Site Engineers- Marinus Link Project | recent outreach to the same employer (2027 DT Infrastructure Graduate Program - Engineering · APPLICATION_UNDER_REVIEW · 2026-09-27)
DUP  | 94929929 | L+R Consulting | Civil Engineer | recent outreach to the same employer (Civil Engineer · MANUAL_APPLIED · 2026-08-07)
new  | 94857072 | JRM Resources | Civil Engineer | new
new  | 94847757 | Roach Recruitment | Civil Engineer - Water | new
DUP  | 94847650 | STP Consultants | Civil Engineer | recent outreach to the same employer (Junior Civil Draftsperson · READY_JEREMIE_SEEK · 2026-09-30)
new  | 94842398 | Northrop Consulting Engineers Pty Ltd | Civil Engineer | new
new  | 94831822 | Chandler Macleod | Civil Project Engineer | new
new  | 94825304 | Vorstrom | Cadet Draftsperson | new
new  | 94770316 | Durack Civil | Civil Estimator | new
DUP  | 94716040 | Campaspe Shire Council | Civil Engineer | same SEEK job already in the tracker
new  | 94990797 | CPB Contractors NSW ACT | Site Engineer - Infrastructure, Building, Trades & Works | new
new  | 94956743 | Formstruct | Estimator  - Civil & NPI | new
DUP  | 94941345 | Chalouhi | Site Engineer | same company and role already in the tracker
DUP  | 94938752 | City of Armadale | Graduate Engineer | same SEEK job already in the tracker
new  | 94936909 | City of Joondalup | Skilled General Hand - Engineering Construction (Civil) | new
new  | 94934404 | Ertech Pty Ltd | Project Engineer (Civil) | new
new  | 94931757 | Core Talent | Site Engineer | new
DUP  | 94929502 | UGL CPB Humelink West | Project Engineer - Civil | same SEEK job already in the tracker
DUP  | 94925455 | Hanlons Consulting | Civil Engineer/Civil Designer | same SEEK job already in the tracker
