{
 "built": [
  [
   "1ca12046-bade-4265-82c3-a03a5a63f3ca",
   "Interflow Resources Pty Limited",
   "Project Coordinator",
   "READY_JEREMIE_EMPLOYER_PORTAL"
  ],
  [
   "6b8dac50-532a-4100-a230-33cc0862dce5",
   "Downer",
   "Site Engineer - TI PR VICTAS (Job 717761)",
   "READY_JEREMIE_EMPLOYER_PORTAL"
  ]
 ],
 "rejected": [],
 "tracker": {
  "version": 155,
  "updated_at": "2026-10-07T15:31:12.638Z",
  "result": {
   "added": [
    "1ca12046-bade-4265-82c3-a03a5a63f3ca",
    "6b8dac50-532a-4100-a230-33cc0862dce5"
   ],
   "skipped": []
  }
 }
}
