new  | 95072130 | Walters Contracting Pty Ltd | Graduate Civil Engineer | new
new  | 95080302 | Engineering Design Global Enterprises Pty Ltd | Civil Designer - 12d Specialist | new
DUP  | 95048696 | PlanCon Build | Civil Engineering Draftsperson | same SEEK job already in the tracker
DUP  | 95042386 | Aptus | Civil Engineering | $100,000 - $140,000 + | Deliver SEQ's Future | same SEEK job already in the tracker
new  | 95038050 | ABS Civil WA Pty Ltd | Civil Estimator - Earthworks | new
DUP  | 95042927 | Strand Excavations | Civil Engineering Technician | same SEEK job already in the tracker
new  | 95075070 | Doolee Construction | Civil Engineer FIFO | new
new  | 95054464 | Talent Web Property | Civil Design Engineer | new
DUP  | 95050602 | Ivory Group | Civil Engineer | recent outreach to the same employer (Site Engineer · MANUAL_APPLIED · 2026-07-20)
new  | 95070274 | GLE Civil and Pipe | Junior Estimator – Water, Sewer & Drainage | new
DUP  | 95077497 | Black Cat Civil Pty Ltd | Site Engineer - FIFO | recent outreach to the same employer (Graduate Engineer · MANUAL_APPLIED · 2026-07-27)
new  | 95052080 | RSG Recruitment Aust Pty Ltd | Project Engineer | new
new  | 95079301 | Ramler | Hotel & Hospitality Design Draftsperson | new
new  | 95053124 | RSG Recruitment Aust Pty Ltd | Project Engineer | new
new  | 95036163 | Totem Civil Services group PTY LTD | Project Engineer/ Site Engineer | new
DUP  | 95078226 | DT Infrastructure | Project Engineer | recent outreach to the same employer (2027 DT Infrastructure Graduate Program - Engineering · APPLICATION_UNDER_REVIEW · 2026-09-27)
DUP  | 95070581 | DT Infrastructure | Project Engineers/ Site Engineers- Marinus Link Project | recent outreach to the same employer (2027 DT Infrastructure Graduate Program - Engineering · APPLICATION_UNDER_REVIEW · 2026-09-27)
new  | 95069893 | CGC Recruitment | Site Engineer | new
DUP  | 95049932 | The Global Beauty Group | Junior/Graduate Engineer | recent outreach to the same employer (Graduate Engineer · READY_JEREMIE_SEEK · 2026-10-03)
new  | 95047165 | GRANITE GROUP | Draftsperson | new
new  | 95042297 | Scotford Fennessy Recruitment | Civil Engineer | new
new  | 95037323 | Scotford Fennessy Recruitment | Senoir Structural Drafter - Gold Coast | new
new  | 95070766 | City of Parramatta | Team Leader Catchment Engineering | new
DUP  | 95066695 | Freyssinet Australia Pty Ltd | Product Engineer / Estimator | recent outreach to the same employer (Graduate Engineer (Remedial) · APPLICATION_UNDER_REVIEW · 2026-09-27)
new  | 95075943 | E. B. Mawson & Sons Pty Ltd | 2026 Operations Cadetship Program (18-25yo) | new
new  | 95073738 | Orange City Council | Water Treatment Engineer | new
new  | 95071333 | Haste Recruitment | Cadet or Level 3 Building Certifier for Inspections | new
new  | 95071236 | Goldwind Australia | Graduate Legal Counsel - Sydney (Grad Program) | new
DUP  | 95070346 | Fulton Hogan Australia Pty Limited | Surfacing Estimator | recent outreach to the same employer (Junior Estimator (Infrastructure Services) · READY_JEREMIE_EMPLOYER_PORTAL · 2026-09-28)
new  | 95068569 | Orange City Council | Water Treatment Engineer | new
DUP  | 95066694 | Freyssinet Australia Pty Ltd | VIE Design / Corrosion Engineer | recent outreach to the same employer (Graduate Engineer (Remedial) · APPLICATION_UNDER_REVIEW · 2026-09-27)
DUP  | 95066692 | Freyssinet Australia Pty Ltd | Site Engineer | recent outreach to the same employer (Graduate Engineer (Remedial) · APPLICATION_UNDER_REVIEW · 2026-09-27)
DUP  | 95066691 | Freyssinet Australia Pty Ltd | Pre-Contracts Engineer | recent outreach to the same employer (Graduate Engineer (Remedial) · APPLICATION_UNDER_REVIEW · 2026-09-27)
DUP  | 95066688 | Freyssinet Australia Pty Ltd | Corrosion Engineer | recent outreach to the same employer (Graduate Engineer (Remedial) · APPLICATION_UNDER_REVIEW · 2026-09-27)
new  | 95048982 | First Homebuilders | Draftsperson | new
new  | 95036821 | Green Start Consulting | Draftsperson / Allrounder | new
new  | 95080681 | Oceaneering Australia | Graduate Design Engineer | new
new  | 95079263 | Embodied Recruitment | Estimator | new
new  | 95079155 | APA Group | Project Engineer | new
new  | 95079138 | Metso Australia Pty Ltd | Project Engineer | new
new  | 95077858 | FieldSense Robotics Pty Ltd | Junior Mechatronics Technician | new
new  | 95077651 | G.J. Gardner Homes Sapphire Coast | Estimator | new
new  | 95077002 | SEEK Grad | Graduate Static Equipment and Structures Engineer | new
new  | 95075429 | Volgren Australia Pty Ltd | Junior Manufacturing Engineer | new
new  | 95072886 | Effective People | Wintel Infrastructure Engineer | new
new  | 95071292 | Goldwind Australia | Graduate Project Developer - Wind Energy (Grad Program) | new
new  | 95069992 | CGC Recruitment | Project Engineer | new
new  | 95068562 | Verve Recruitment | Draftsperson / Detailer (Microvellum / CAD) - Rockingham | new
new  | 95048741 | Verve Recruitment | Sheet Metal Draftsperson - Blacktown | new
new  | 95041618 | vitae group pty ltd | Estimator - Prefab Frame & Truss | new
new  | 95077023 | Covalent Lithium | Project Engineer (Kwinana) | new
new  | 95074103 | KR Pest Control | Pest Control Trainee | new
new  | 95070736 | AWX Executive | Project Coordinator | new
new  | 95056001 | CellTec Pty Ltd | Graduate/Junior Controls Engineer | new
new  | 95050531 | ISGroup | Project Coordinator | new
new  | 95050127 | FSRequip Pty Ltd | Trainee Spare Parts | new
new  | 95046220 | Nexgen Pest Control | Pest Control Technician/ Trainee | new
DUP  | 95045816 | Hays | Construction | Project Engineer | recent outreach to the same employer (Site Engineer · MANUAL_APPLIED · 2026-07-15)
new  | 95074025 | Future Generation JV | Engineer - Site | new
new  | 95057868 | Public Transport Authority | Track Engineer | new
