DUP  | 95001725 | Aurecon | Civil Designer, Roads & Highways SEQ | recent outreach to the same employer (Civil Engineer, Land Infrastructure · READY_JEREMIE_EMPLOYER_PORTAL · 2026-09-30)
DUP  | 94989573 | Wallbridge Gilbert Aztec | Civil Designer | same SEEK job already in the tracker
DUP  | 95086664 | Seymour Whyte Constructions | Graduate Civil Engineer | recent outreach to the same employer (Graduate Program - Civil Engineering · MANUAL_APPLIED · 2026-09-27)
DUP  | 95086652 | Seymour Whyte Constructions | Graduate Civil Engineer | recent outreach to the same employer (Graduate Program - Civil Engineering · MANUAL_APPLIED · 2026-09-27)
DUP  | 95085179 | Seymour Whyte Constructions | Graduate Civil Engineer | recent outreach to the same employer (Graduate Program - Civil Engineering · MANUAL_APPLIED · 2026-09-27)
DUP  | 95072130 | Walters Contracting Pty Ltd | Graduate Civil Engineer | same SEEK job already in the tracker
DUP  | 94987987 | D&J's Civil Construction Pty Ltd | Graduate Civil Engineer | recent outreach to the same employer (Civil Site Engineer · MANUAL_APPLIED · 2026-07-10)
new  | 94969508 | GPA Engineering | Civil/Structural Drafter – ADL | new
new  | 95088542 | Inhabit Group | Graduate Civil Engineer - Water | new
new  | 94961556 | Brunel | Project Engineer - Civil | new
new  | 95085919 | Scotford Fennessy Recruitment | Structural Drafter | new
new  | 95080302 | Engineering Design Global Enterprises Pty Ltd | Civil Designer - 12d Specialist | new
DUP  | 95048696 | PlanCon Build | Civil Engineering Draftsperson | same SEEK job already in the tracker
DUP  | 95042386 | Aptus | Civil Engineering | $100,000 - $140,000 + | Deliver SEQ's Future | same SEEK job already in the tracker
DUP  | 94985965 | Brisbane Truss and Timber | Civil Engineer Draftsperson | same SEEK job already in the tracker
DUP  | 94984726 | STP Consultants | Junior Structural Draftsperson | recent outreach to the same employer (Junior Civil Draftsperson · READY_JEREMIE_SEEK · 2026-09-30)
new  | 95086866 | C&H Recruitment | Civil Structures Project Engineer | new
new  | 95038050 | ABS Civil WA Pty Ltd | Civil Estimator - Earthworks | new
DUP  | 95020684 | D&J's Civil Construction Pty Ltd | Civil Engineer | recent outreach to the same employer (Civil Site Engineer · MANUAL_APPLIED · 2026-07-10)
DUP  | 95001351 | City of Greater Geraldton | Graduate Engineering Officer | same SEEK job already in the tracker
DUP  | 94969053 | Charles Hull Contracting Co P/L | QA Officer / Graduate Civil Engineer | same SEEK job already in the tracker
new  | 95086082 | MMD Recruitment | Site/Project Engineers (Civil & Energy) | new
DUP  | 95042927 | Strand Excavations | Civil Engineering Technician | same SEEK job already in the tracker
new  | 95021621 | Ertech Pty Ltd | Project Engineer (Civil) | new
DUP  | 94996381 | Mildura Rural City Council | Design Engineering Officer | same SEEK job already in the tracker
new  | 94958791 | ADF Careers | Part-Time Civil Engineer (Tax-Free Pay) | new
new  | 94973025 | Optimum Consulting Group | Civil Engineer | new
new  | 94969016 | QCCS | Civil Project Engineer | new
new  | 94960604 | Menai Civil Contractors | Cadet Site Engineer | new
DUP  | 94960289 | City of Busselton | CIVIL DESIGNER | same SEEK job already in the tracker
DUP  | 94982627 | TBH Consulting | Consultant – Civil Engineer | same SEEK job already in the tracker
DUP  | 94954590 | Terpkos Engineering | Junior Draftsperson and Structural Draftsperson | same SEEK job already in the tracker
new  | 95075070 | Doolee Construction | Civil Engineer FIFO | new
new  | 95054464 | Talent Web Property | Civil Design Engineer | new
DUP  | 95050602 | Ivory Group | Civil Engineer | recent outreach to the same employer (Site Engineer · MANUAL_APPLIED · 2026-07-20)
DUP  | 95021629 | Westera Partners Pty Ltd | Civil Design Engineer - Brisbane | recent outreach to the same employer (Graduate Program application - civil engineering / design documentation (standing employer-published graduate intake; no dated vacancy) · PREPARED_NOT_SENT · 2026-09-11)
DUP  | 95013854 | Whitehorse City Council | Asset Engineer | same SEEK job already in the tracker
DUP  | 95012054 | Stantec Australia Pty Ltd | Civil Engineer | recent outreach to the same employer (Civil Cadet Drafter - QLD · READY_JEREMIE_EMPLOYER_PORTAL · 2026-09-12)
DUP  | 95011985 | Stantec Australia Pty Ltd | Civil Engineering Team Leader | recent outreach to the same employer (Civil Cadet Drafter - QLD · READY_JEREMIE_EMPLOYER_PORTAL · 2026-09-12)
new  | 94995704 | Xeros Piccolo Consulting Engineers | Structural/Civil Engineer | new
DUP  | 94993048 | Moon Recruitment | Engineering Technical Officer | same SEEK job already in the tracker
DUP  | 94991047 | Inhabit Group | Civil Engineer | same SEEK job already in the tracker
DUP  | 94985294 | Stantec Australia Pty Ltd | Civil Engineer | recent outreach to the same employer (Civil Cadet Drafter - QLD · READY_JEREMIE_EMPLOYER_PORTAL · 2026-09-12)
DUP  | 94963197 | ConsultANZ | Site Engineer/Project Engineer | recent outreach to the same employer (Site Engineer/ Project Engineer · MANUAL_APPLIED · 2026-07-15)
new  | 94961163 | Brunel | Project Engineer  | new
new  | 94958409 | Right Connect | Structural Drafter | new
DUP  | 95083621 | Dynamic Steelform | Junior Draftsperson / Estimator | same SEEK job already in the tracker
DUP  | 95070274 | GLE Civil and Pipe | Junior Estimator – Water, Sewer & Drainage | same SEEK job already in the tracker
DUP  | 95030963 | SRG Global | Site Engineer | same SEEK job already in the tracker
new  | 95021747 | Contec Recruitment Pty Ltd | Civil Estimator  | new
DUP  | 95021585 | Cascada | AutoCAD Draftsperson - Reinforced Concrete | same SEEK job already in the tracker
DUP  | 94990797 | CPB Contractors NSW ACT | Site Engineer - Infrastructure, Building, Trades & Works | same SEEK job already in the tracker
DUP  | 94990020 | Gough Recruitment SA | Civil Estimator | same SEEK job already in the tracker
new  | 94956743 | Formstruct | Estimator  - Civil & NPI | new
new  | 95088625 | City of Rockingham | Development Engineer | new
new  | 95084356 | Woollahra Council | Traffic & Transport Engineer | new
new  | 95082782 | Civilcast | Chartered Civil & Structural Design Engineer (CPeng, NER) - Precast Concrete | new
DUP  | 95077497 | Black Cat Civil Pty Ltd | Site Engineer - FIFO | recent outreach to the same employer (Graduate Engineer · MANUAL_APPLIED · 2026-07-27)
new  | 95052080 | RSG Recruitment Aust Pty Ltd | Project Engineer | new
DUP  | 95017184 | City of South Perth | Engineering Technical Officer - Engineering Design | same SEEK job already in the tracker
new  | 94999649 | CPB Contractors NSW ACT | Project Engineer Building & Infrastructure | new
DUP  | 94998155 | City of Newcastle | Cadet Engineer | same SEEK job already in the tracker
new  | 95081355 | Zec Engineering | TEKLA Structural Steel Draftsperson Shop Detailer | new
new  | 95079301 | Ramler | Hotel & Hospitality Design Draftsperson | new
new  | 95053124 | RSG Recruitment Aust Pty Ltd | Project Engineer | new
new  | 95036163 | Totem Civil Services group PTY LTD | Project Engineer/ Site Engineer | new
new  | 95021786 | SCP Consulting Pty Ltd | Draftsperson | new
new  | 95009307 | The Lorian Group | Construction Cadet / Junior PM | new
new  | 95002679 | Sunshine Coast Council | Design Engineer | new
DUP  | 95007162 | Inhabit Group | Graduate Consultant - Rail | same SEEK job already in the tracker
new  | 94994373 | Tungsten Mining | Civil Project Engineer | new
DUP  | 94991390 | Sunshine Coast Council | Design Engineer | same SEEK job already in the tracker
new  | 94987271 | Randstad - Construction, Property & Engineering | Estimator | new
DUP  | 94984460 | CONCRETE SEAL PTY LTD | Cadet Estimator & Project Coordinator — Commercial Waterproofing | same SEEK job already in the tracker
DUP  | 94972758 | Information Quality | Junior in Engineering Drafting | same SEEK job already in the tracker
new  | 94958365 | Symal | Project Engineer | new
new  | 95093403 | Art Plus Play | Estimator / Technical Draftsperson | new
new  | 95088940 | Stellar Recruitment | Project Engineer (Roads) | new
new  | 95083301 | CGC Recruitment | Site Engineer | 2 Month Contract | 8/6 FIFO | new
DUP  | 95078226 | DT Infrastructure | Project Engineer | recent outreach to the same employer (2027 DT Infrastructure Graduate Program - Engineering · APPLICATION_UNDER_REVIEW · 2026-09-27)
