DUP  | 95001725 | Aurecon | Civil Designer, Roads & Highways SEQ | recent outreach to the same employer (Civil Engineer, Land Infrastructure · READY_JEREMIE_EMPLOYER_PORTAL · 2026-09-30)
DUP  | 94989573 | Wallbridge Gilbert Aztec | Civil Designer | same SEEK job already in the tracker
DUP  | 95023909 | Seymour Whyte Constructions | Graduate Civil Engineer | recent outreach to the same employer (Graduate Program - Civil Engineering · MANUAL_APPLIED · 2026-09-27)
DUP  | 94987987 | D&J's Civil Construction Pty Ltd | Graduate Civil Engineer | recent outreach to the same employer (Civil Site Engineer · MANUAL_APPLIED · 2026-07-10)
DUP  | 94985965 | Brisbane Truss and Timber | Civil Engineer Draftsperson | same SEEK job already in the tracker
DUP  | 94984726 | STP Consultants | Junior Structural Draftsperson | recent outreach to the same employer (Junior Civil Draftsperson · READY_JEREMIE_SEEK · 2026-09-30)
new  | 95038050 | ABS Civil WA Pty Ltd | Civil Estimator - Earthworks | new
DUP  | 95020684 | D&J's Civil Construction Pty Ltd | Civil Engineer | recent outreach to the same employer (Civil Site Engineer · MANUAL_APPLIED · 2026-07-10)
DUP  | 95001351 | City of Greater Geraldton | Graduate Engineering Officer | same SEEK job already in the tracker
new  | 95021621 | Ertech Pty Ltd | Project Engineer (Civil) | new
DUP  | 94996381 | Mildura Rural City Council | Design Engineering Officer | same SEEK job already in the tracker
new  | 94958791 | ADF Careers | Part-Time Civil Engineer (Tax-Free Pay) | new
DUP  | 95021629 | Westera Partners Pty Ltd | Civil Design Engineer - Brisbane | recent outreach to the same employer (Graduate Program application - civil engineering / design documentation (standing employer-published graduate intake; no dated vacancy) · PREPARED_NOT_SENT · 2026-09-11)
DUP  | 95013854 | Whitehorse City Council | Asset Engineer | same SEEK job already in the tracker
DUP  | 95012054 | Stantec Australia Pty Ltd | Civil Engineer | recent outreach to the same employer (Civil Cadet Drafter - QLD · READY_JEREMIE_EMPLOYER_PORTAL · 2026-09-12)
DUP  | 95011985 | Stantec Australia Pty Ltd | Civil Engineering Team Leader | recent outreach to the same employer (Civil Cadet Drafter - QLD · READY_JEREMIE_EMPLOYER_PORTAL · 2026-09-12)
new  | 94995704 | Xeros Piccolo Consulting Engineers | Structural/Civil Engineer | new
DUP  | 94993048 | Moon Recruitment | Engineering Technical Officer | same SEEK job already in the tracker
DUP  | 94991047 | Inhabit Group | Civil Engineer | same SEEK job already in the tracker
DUP  | 94985294 | Stantec Australia Pty Ltd | Civil Engineer | recent outreach to the same employer (Civil Cadet Drafter - QLD · READY_JEREMIE_EMPLOYER_PORTAL · 2026-09-12)
DUP  | 95030963 | SRG Global | Site Engineer | same SEEK job already in the tracker
new  | 95021747 | Contec Recruitment Pty Ltd | Civil Estimator  | new
DUP  | 95021585 | Cascada | AutoCAD Draftsperson - Reinforced Concrete | same SEEK job already in the tracker
DUP  | 94990797 | CPB Contractors NSW ACT | Site Engineer - Infrastructure, Building, Trades & Works | same SEEK job already in the tracker
new  | 94990020 | Gough Recruitment SA | Civil Estimator | new
DUP  | 95017184 | City of South Perth | Engineering Technical Officer - Engineering Design | same SEEK job already in the tracker
new  | 94999649 | CPB Contractors NSW ACT | Project Engineer Building & Infrastructure | new
DUP  | 94998155 | City of Newcastle | Cadet Engineer | same SEEK job already in the tracker
new  | 95036163 | Totem Civil Services group PTY LTD | Project Engineer/ Site Engineer | new
new  | 95021786 | SCP Consulting Pty Ltd | Draftsperson | new
new  | 95009307 | The Lorian Group | Construction Cadet / Junior PM | new
new  | 95002679 | Sunshine Coast Council | Design Engineer | new
DUP  | 95007162 | Inhabit Group | Graduate Consultant - Rail | same SEEK job already in the tracker
new  | 94994373 | Tungsten Mining | Civil Project Engineer | new
new  | 94991390 | Sunshine Coast Council | Design Engineer | new
new  | 94987271 | Randstad - Construction, Property & Engineering | Estimator | new
DUP  | 94984460 | CONCRETE SEAL PTY LTD | Cadet Estimator & Project Coordinator — Commercial Waterproofing | same SEEK job already in the tracker
new  | 95037323 | Scotford Fennessy Recruitment | Senoir Structural Drafter - Gold Coast | new
new  | 95028317 | In2work Pty Ltd | NEW! Project Engineers FIFO and East Coast DTMR Projects! | new
new  | 95020068 | AMT CIVILS | Project Engineer – Bulk Earthworks | 2:1 Roster | Immediate Start | new
new  | 95016703 | CGC Recruitment | Site Engineer - Blue Mountains | new
new  | 95001733 | Silver Yachts Australia Pty Ltd | Fitout/Draftsperson | new
new  | 94994170 | Tognetti Consulting Pty Ltd | Site Engineer - Central Qld - contract | new
new  | 94990129 | Furn-Niche | Graduate Estimator | new
new  | 94989946 | CPB Contractors NSW ACT | Project Engineer (Building, Trades & Works) | new
new  | 95026009 | THE BMD GROUP | Design Engineer | new
new  | 95025202 | Civil Road & Rail SX5 | Project Engineer | new
new  | 95024574 | Civil Road & Rail SX5 | Project Engineer | new
new  | 95023805 | GTE Employment Services | Junior Designer/Estimator | new
new  | 95023563 | Contec Recruitment Pty Ltd | Project Engineer - FIFO  | new
new  | 95022688 | Serco Asia Pacific | Undergraduate Engineer | new
new  | 95016530 | Gamuda Engineering Pty Ltd | BIM Engineer | new
new  | 95012996 | Sarens (Australia) Pty Ltd | Engineer: Technical Solutions | new
new  | 95011842 | Blacktown City Council | Graduate Project Officer | new
DUP  | 95011015 | SRG Global | Project Engineer | recent outreach to the same employer (Site Engineer · READY_JEREMIE_EMPLOYER_PORTAL · 2026-10-02)
new  | 95009439 | TWEED SHIRE COUNCIL | Engineer - Water and Wastewater Design | new
new  | 95008378 | Downer EDI Limited | Project Engineer | new
new  | 95001916 | City of Subiaco | Project Engineer | new
new  | 94996176 | Complex Co. | Project Engineer | new
new  | 94994386 | Global Group | Graduate Engineer | new
