{
 "built": [
  [
   "bdc3e198-9923-4093-ac1d-ea8ec2f17928",
   "Global Group",
   "Graduate Engineer",
   "READY_JEREMIE_SEEK"
  ],
  [
   "af2ee157-2943-484e-b0f6-0c50f3ec840b",
   "DTM Geocivil Consulting",
   "Graduate civil engineer or civil design support - expression of interest (Clayton)",
   "PREPARED_NOT_SENT"
  ]
 ],
 "rejected": [],
 "tracker": {
  "version": 57,
  "updated_at": "2026-10-03T16:24:57.838Z",
  "result": {
   "added": [
    "bdc3e198-9923-4093-ac1d-ea8ec2f17928",
    "af2ee157-2943-484e-b0f6-0c50f3ec840b"
   ],
   "skipped": []
  }
 }
}
