DUP  | 95086664 | Seymour Whyte Constructions | Graduate Civil Engineer | recent outreach to the same employer (Graduate Program - Civil Engineering · MANUAL_APPLIED · 2026-09-27)
DUP  | 95086652 | Seymour Whyte Constructions | Graduate Civil Engineer | recent outreach to the same employer (Graduate Program - Civil Engineering · MANUAL_APPLIED · 2026-09-27)
DUP  | 95085179 | Seymour Whyte Constructions | Graduate Civil Engineer | recent outreach to the same employer (Graduate Program - Civil Engineering · MANUAL_APPLIED · 2026-09-27)
DUP  | 95072130 | Walters Contracting Pty Ltd | Graduate Civil Engineer | same SEEK job already in the tracker
new  | 95088542 | Inhabit Group | Graduate Civil Engineer - Water | new
new  | 95085919 | Scotford Fennessy Recruitment | Structural Drafter | new
new  | 95080302 | Engineering Design Global Enterprises Pty Ltd | Civil Designer - 12d Specialist | new
DUP  | 95048696 | PlanCon Build | Civil Engineering Draftsperson | same SEEK job already in the tracker
DUP  | 95042386 | Aptus | Civil Engineering | $100,000 - $140,000 + | Deliver SEQ's Future | same SEEK job already in the tracker
new  | 95086866 | C&H Recruitment | Civil Structures Project Engineer | new
new  | 95086082 | MMD Recruitment | Site/Project Engineers (Civil & Energy) | new
DUP  | 95042927 | Strand Excavations | Civil Engineering Technician | same SEEK job already in the tracker
new  | 95075070 | Doolee Construction | Civil Engineer FIFO | new
new  | 95054464 | Talent Web Property | Civil Design Engineer | new
DUP  | 95050602 | Ivory Group | Civil Engineer | recent outreach to the same employer (Site Engineer · MANUAL_APPLIED · 2026-07-20)
DUP  | 95083621 | Dynamic Steelform | Junior Draftsperson / Estimator | same SEEK job already in the tracker
DUP  | 95070274 | GLE Civil and Pipe | Junior Estimator – Water, Sewer & Drainage | same SEEK job already in the tracker
new  | 95088625 | City of Rockingham | Development Engineer | new
new  | 95084356 | Woollahra Council | Traffic & Transport Engineer | new
new  | 95082782 | Civilcast | Chartered Civil & Structural Design Engineer (CPeng, NER) - Precast Concrete | new
DUP  | 95077497 | Black Cat Civil Pty Ltd | Site Engineer - FIFO | recent outreach to the same employer (Graduate Engineer · MANUAL_APPLIED · 2026-07-27)
new  | 95052080 | RSG Recruitment Aust Pty Ltd | Project Engineer | new
new  | 95081355 | Zec Engineering | TEKLA Structural Steel Draftsperson Shop Detailer | new
new  | 95079301 | Ramler | Hotel & Hospitality Design Draftsperson | new
new  | 95053124 | RSG Recruitment Aust Pty Ltd | Project Engineer | new
new  | 95093403 | Art Plus Play | Estimator / Technical Draftsperson | new
new  | 95088940 | Stellar Recruitment | Project Engineer (Roads) | new
new  | 95083301 | CGC Recruitment | Site Engineer | 2 Month Contract | 8/6 FIFO | new
DUP  | 95078226 | DT Infrastructure | Project Engineer | recent outreach to the same employer (2027 DT Infrastructure Graduate Program - Engineering · APPLICATION_UNDER_REVIEW · 2026-09-27)
DUP  | 95070581 | DT Infrastructure | Project Engineers/ Site Engineers- Marinus Link Project | recent outreach to the same employer (2027 DT Infrastructure Graduate Program - Engineering · APPLICATION_UNDER_REVIEW · 2026-09-27)
new  | 95069893 | CGC Recruitment | Site Engineer | new
DUP  | 95049932 | The Global Beauty Group | Junior/Graduate Engineer | recent outreach to the same employer (Graduate Engineer · READY_JEREMIE_SEEK · 2026-10-03)
new  | 95047165 | GRANITE GROUP | Draftsperson | new
new  | 95042297 | Scotford Fennessy Recruitment | Civil Engineer | new
new  | 95087586 | Public Sector People | Drainage Engineer | new
DUP  | 95083529 | Seymour Whyte Constructions | Digital Engineering Coordinator | recent outreach to the same employer (Graduate Program - Civil Engineering · MANUAL_APPLIED · 2026-09-27)
DUP  | 95083488 | Seymour Whyte Constructions | Digital Engineering Coordinator | recent outreach to the same employer (Graduate Program - Civil Engineering · MANUAL_APPLIED · 2026-09-27)
DUP  | 95082308 | Legeneering (Aust) Pty Ltd | Junior Project Coordinator | same SEEK job already in the tracker
new  | 95070766 | City of Parramatta | Team Leader Catchment Engineering | new
DUP  | 95066695 | Freyssinet Australia Pty Ltd | Product Engineer / Estimator | recent outreach to the same employer (Graduate Engineer (Remedial) · APPLICATION_UNDER_REVIEW · 2026-09-27)
new  | 95084479 | Bellingham Marine Australia | Fabrication Drafter/Procurement | new
new  | 95084404 | City of Canada Bay Council | Specialist Traffic Projects Engineer | new
new  | 95083640 | ACCIONA Australia | Site Engineer | new
new  | 95083469 | CGC Recruitment | Site Engineer | 2 Month Contract | 8/6 FIFO | new
new  | 95082485 | McMullen Nolan Group Pty Ltd | Survey Draftsperson | new
new  | 95082391 | McMullen Nolan Group Pty Ltd | Survey Draftsperson | new
new  | 95075943 | E. B. Mawson & Sons Pty Ltd | 2026 Operations Cadetship Program (18-25yo) | new
new  | 95073738 | Orange City Council | Water Treatment Engineer | new
new  | 95071333 | Haste Recruitment | Cadet or Level 3 Building Certifier for Inspections | new
new  | 95071236 | Goldwind Australia | Graduate Legal Counsel - Sydney (Grad Program) | new
DUP  | 95070346 | Fulton Hogan Australia Pty Limited | Surfacing Estimator | recent outreach to the same employer (Junior Estimator (Infrastructure Services) · READY_JEREMIE_EMPLOYER_PORTAL · 2026-09-28)
new  | 95068569 | Orange City Council | Water Treatment Engineer | new
DUP  | 95066694 | Freyssinet Australia Pty Ltd | VIE Design / Corrosion Engineer | recent outreach to the same employer (Graduate Engineer (Remedial) · APPLICATION_UNDER_REVIEW · 2026-09-27)
DUP  | 95066692 | Freyssinet Australia Pty Ltd | Site Engineer | recent outreach to the same employer (Graduate Engineer (Remedial) · APPLICATION_UNDER_REVIEW · 2026-09-27)
DUP  | 95066691 | Freyssinet Australia Pty Ltd | Pre-Contracts Engineer | recent outreach to the same employer (Graduate Engineer (Remedial) · APPLICATION_UNDER_REVIEW · 2026-09-27)
DUP  | 95066688 | Freyssinet Australia Pty Ltd | Corrosion Engineer | recent outreach to the same employer (Graduate Engineer (Remedial) · APPLICATION_UNDER_REVIEW · 2026-09-27)
new  | 95048982 | First Homebuilders | Draftsperson | new
new  | 95092309 | Sarich Building | Estimator | new
new  | 95088130 | Kenwick Cabinet Works | Draftsperson | new
new  | 95087074 | CIMIC Group | 2026 Cadetship Program | new
