seen 1450 · prefilter passed 386 · details 80 → ../runs/20261008T1119Z/w14/candidates.json
DUP  | 95111430 | Maitland City Council | Graduate Civil Engineer | same SEEK job already in the tracker
new  | 95105726 | Ground Civil | Civil Designer – Subdivision & Land Development | new
DUP  | 94848610 | STP Consultants | Junior Civil Draftsperson | same SEEK job already in the tracker
new  | 94877601 | Quickway Constructions | Undergraduate Civil Engineer | new
DUP  | 95001725 | Aurecon | Civil Designer, Roads & Highways SEQ | recent outreach to the same employer (Civil Engineer, Land Infrastructure · READY_JEREMIE_EMPLOYER_PORTAL · 2026-09-30)
DUP  | 95127868 | Precruitment | Graduate Civil Engineer  | same SEEK job already in the tracker
DUP  | 95101073 | Seymour Whyte Constructions | Graduate Civil Engineer | recent outreach to the same employer (Graduate Program - Civil Engineering · MANUAL_APPLIED · 2026-09-27)
DUP  | 95101071 | Seymour Whyte Constructions | Graduate Civil Engineer | recent outreach to the same employer (Graduate Program - Civil Engineering · MANUAL_APPLIED · 2026-09-27)
DUP  | 95086664 | Seymour Whyte Constructions | Graduate Civil Engineer | recent outreach to the same employer (Graduate Program - Civil Engineering · MANUAL_APPLIED · 2026-09-27)
DUP  | 95086652 | Seymour Whyte Constructions | Graduate Civil Engineer | recent outreach to the same employer (Graduate Program - Civil Engineering · MANUAL_APPLIED · 2026-09-27)
DUP  | 95085179 | Seymour Whyte Constructions | Graduate Civil Engineer | recent outreach to the same employer (Graduate Program - Civil Engineering · MANUAL_APPLIED · 2026-09-27)
DUP  | 95072130 | Walters Contracting Pty Ltd | Graduate Civil Engineer | same SEEK job already in the tracker
new  | 94969508 | GPA Engineering | Civil/Structural Drafter – ADL | new
DUP  | 94870253 | Australian Ground Technologies | Junior Civil Engineer – Retaining Walls | same SEEK job already in the tracker
DUP  | 94850865 | JCA Land Consultants | Graduate Civil Engineer | same SEEK job already in the tracker
new  | 95136390 | City of Armadale | Project Planning Engineer – Civil Infrastructure | new
new  | 95097651 | Hullcon | Civil Draftsperson - Microstation and ProjectWise | new
new  | 95088542 | Inhabit Group | Graduate Civil Engineer - Water | new
DUP  | 94960289 | City of Busselton | CIVIL DESIGNER | same SEEK job already in the tracker
DUP  | 94851901 | ATC Williams | Cadet Civil Drafter  | same SEEK job already in the tracker
new  | 95133689 | Knauf | Graduate Engineer - Civil/Structural | new
new  | 95133637 | Knauf | Graduate Engineer - Civil/Structural | new
new  | 95101347 | Sourcey | Civil Designer/ 3D Modeller | new
new  | 95085919 | Scotford Fennessy Recruitment | Structural Drafter | new
new  | 95080302 | Engineering Design Global Enterprises Pty Ltd | Civil Designer - 12d Specialist | new
DUP  | 95048696 | PlanCon Build | Civil Engineering Draftsperson | same SEEK job already in the tracker
DUP  | 95042386 | Aptus | Civil Engineering | $100,000 - $140,000 + | Deliver SEQ's Future | same SEEK job already in the tracker
DUP  | 94985965 | Brisbane Truss and Timber | Civil Engineer Draftsperson | same SEEK job already in the tracker
DUP  | 94984726 | STP Consultants | Junior Structural Draftsperson | recent outreach to the same employer (Junior Civil Draftsperson · READY_JEREMIE_SEEK · 2026-09-30)
DUP  | 94940114 | NOTAZ International PTY LTD | Civil engineering draftsperson | same SEEK job already in the tracker
DUP  | 94939236 | Roesner and Hamilton Consulting Engineers Pty Ltd | Civil Engineering Draftsperson | same SEEK job already in the tracker
DUP  | 94911522 | PlusJob | Civil Engineering Draftsperson | same SEEK job already in the tracker
DUP  | 95144800 | City of Busselton | CIVIL DESIGNER | same company and role already in the tracker
new  | 95140254 | Mendi Constructions | Civil Project Engineer | new
new  | 95129801 | Geosurv Pty Ltd | Survey Drafter | new
new  | 95123187 | Civil Services Group Pty Ltd | Civil Site Engineers - Rail Projects | new
new  | 95123172 | Civil Services Group Pty Ltd | Civil Site Engineer (Structures) SEC01 or SEC02 (B02) - BNE Gen | new
new  | 95123147 | Civil Services Group Pty Ltd | Civil Site Engineers - SEC01 / 2 (B02) - BNE - Gen | new
new  | 95123143 | Civil Services Group Pty Ltd | Civil Site Engineers - Bruce Highway - Central Coast | new
new  | 95086866 | C&H Recruitment | Civil Structures Project Engineer | new
new  | 95038050 | ABS Civil WA Pty Ltd | Civil Estimator - Earthworks | new
DUP  | 95020684 | D&J's Civil Construction Pty Ltd | Civil Engineer | recent outreach to the same employer (Civil Site Engineer · MANUAL_APPLIED · 2026-07-10)
DUP  | 95001351 | City of Greater Geraldton | Graduate Engineering Officer | same SEEK job already in the tracker
new  | 95141967 | Eden Ritchie Recruitment | Civil Engineers | new
new  | 95123151 | Civil Services Group Pty Ltd | Civil Project Engineers - Maintenance and Works - GenQLD | new
new  | 95123150 | Civil Services Group Pty Ltd | Civil Project Engineers - Road Projects - GenQLD | new
new  | 95086082 | MMD Recruitment | Site/Project Engineers (Civil & Energy) | new
DUP  | 95042927 | Strand Excavations | Civil Engineering Technician | same SEEK job already in the tracker
new  | 95021621 | Ertech Pty Ltd | Project Engineer (Civil) | new
DUP  | 94996381 | Mildura Rural City Council | Design Engineering Officer | same SEEK job already in the tracker
new  | 94958791 | ADF Careers | Part-Time Civil Engineer (Tax-Free Pay) | new
new  | 94973025 | Optimum Consulting Group | Civil Engineer | new
new  | 94960604 | Menai Civil Contractors | Cadet Site Engineer | new
DUP  | 94954590 | Terpkos Engineering | Junior Draftsperson and Structural Draftsperson | same SEEK job already in the tracker
DUP  | 94902917 | Employment Matters | CIVIL CONSTRUCTION TRAINEE | same SEEK job already in the tracker
new  | 94839731 | City of Gold Coast | Undergraduate Engineers | new
new  | 95145180 | Quality People | Maintenance Civil Engineers | new
new  | 95140637 | Quality People | Student Civil Engineer | new
new  | 95136122 | Public Sector People | Student Engineer (Civil) | new
DUP  | 95131555 | WIP Construction | Graduate/ Junior Estimator | same SEEK job already in the tracker
new  | 95123170 | Civil Services Group Pty Ltd | Civil Engineer - Sunshine Coast - Gen | new
DUP  | 95109690 | Fulton Hogan Australia Pty Limited | Civil Estimator | recent outreach to the same employer (Junior Estimator (Infrastructure Services) · READY_JEREMIE_EMPLOYER_PORTAL · 2026-09-28)
new  | 95075070 | Doolee Construction | Civil Engineer FIFO | new
new  | 95054464 | Talent Web Property | Civil Design Engineer | new
DUP  | 95050602 | Ivory Group | Civil Engineer | recent outreach to the same employer (Site Engineer · MANUAL_APPLIED · 2026-07-20)
DUP  | 95021629 | Westera Partners Pty Ltd | Civil Design Engineer - Brisbane | recent outreach to the same employer (Graduate Program application - civil engineering / design documentation (standing employer-published graduate intake; no dated vacancy) · PREPARED_NOT_SENT · 2026-09-11)
DUP  | 95013854 | Whitehorse City Council | Asset Engineer | same SEEK job already in the tracker
DUP  | 95012054 | Stantec Australia Pty Ltd | Civil Engineer | recent outreach to the same employer (Civil Cadet Drafter - QLD · READY_JEREMIE_EMPLOYER_PORTAL · 2026-09-12)
new  | 94958409 | Right Connect | Structural Drafter | new
new  | 94950957 | Milo Geotechnical | Civil Engineer | new
DUP  | 94842398 | Northrop Consulting Engineers Pty Ltd | Civil Engineer | recent outreach to the same employer (Expression of Interest / Tell Us About You - early career civil · READY_JEREMIE_EMPLOYER_FORM · 2026-10-02)
new  | 95102595 | Glen Eira City Council | Subdivision Engineer | new
DUP  | 95098983 | Goldsmith | Graduate Site Engineer | same SEEK job already in the tracker
DUP  | 95097833 | Programmed | Civil Construction Traineeship | same SEEK job already in the tracker
DUP  | 95083621 | Dynamic Steelform | Junior Draftsperson / Estimator | same SEEK job already in the tracker
DUP  | 95070274 | GLE Civil and Pipe | Junior Estimator – Water, Sewer & Drainage | same SEEK job already in the tracker
new  | 95021747 | Contec Recruitment Pty Ltd | Civil Estimator  | new
DUP  | 95021585 | Cascada | AutoCAD Draftsperson - Reinforced Concrete | same SEEK job already in the tracker
new  | 94956743 | Formstruct | Estimator  - Civil & NPI | new
DUP  | 95140559 | ATC Williams | Geotechnical/Civil Engineer 	 | recent outreach to the same employer (Cadet Civil Drafter · MANUAL_APPLIED · 2026-09-25)
DONE
