DUP  | 95111430 | Maitland City Council | Graduate Civil Engineer | same SEEK job already in the tracker
new  | 95105726 | Ground Civil | Civil Designer – Subdivision & Land Development | new
DUP  | 95127868 | Precruitment | Graduate Civil Engineer  | same SEEK job already in the tracker
DUP  | 95101073 | Seymour Whyte Constructions | Graduate Civil Engineer | recent outreach to the same employer (Graduate Program - Civil Engineering · MANUAL_APPLIED · 2026-09-27)
DUP  | 95101071 | Seymour Whyte Constructions | Graduate Civil Engineer | recent outreach to the same employer (Graduate Program - Civil Engineering · MANUAL_APPLIED · 2026-09-27)
DUP  | 95086664 | Seymour Whyte Constructions | Graduate Civil Engineer | recent outreach to the same employer (Graduate Program - Civil Engineering · MANUAL_APPLIED · 2026-09-27)
DUP  | 95086652 | Seymour Whyte Constructions | Graduate Civil Engineer | recent outreach to the same employer (Graduate Program - Civil Engineering · MANUAL_APPLIED · 2026-09-27)
DUP  | 95085179 | Seymour Whyte Constructions | Graduate Civil Engineer | recent outreach to the same employer (Graduate Program - Civil Engineering · MANUAL_APPLIED · 2026-09-27)
DUP  | 95072130 | Walters Contracting Pty Ltd | Graduate Civil Engineer | same SEEK job already in the tracker
new  | 95136390 | City of Armadale | Project Planning Engineer – Civil Infrastructure | new
DUP  | 95097651 | Hullcon | Civil Draftsperson - Microstation and ProjectWise | same SEEK job already in the tracker
new  | 95088542 | Inhabit Group | Graduate Civil Engineer - Water | new
new  | 95169703 | Bellwether Contractors | Site Engineers / Project Engineers / SPE's - Civil Infrastructure Projects | new
new  | 95165806 | ACCIONA Australia | Site Engineer - Civil | new
new  | 95157253 | Duffy Kennedy Constructions Pty Ltd | Civil Engineering Draftsperson | new
DUP  | 95133689 | Knauf | Graduate Engineer - Civil/Structural | same company and role already in the tracker
DUP  | 95133637 | Knauf | Graduate Engineer - Civil/Structural | same SEEK job already in the tracker
new  | 95101347 | Sourcey | Civil Designer/ 3D Modeller | new
new  | 95085919 | Scotford Fennessy Recruitment | Structural Drafter | new
DUP  | 95048696 | PlanCon Build | Civil Engineering Draftsperson | same SEEK job already in the tracker
DUP  | 95042386 | Aptus | Civil Engineering | $100,000 - $140,000 + | Deliver SEQ's Future | same SEEK job already in the tracker
new  | 95157315 | Alder Constructions Pty Ltd | Estimator - Civil Infrastructure | new
DUP  | 95144800 | City of Busselton | CIVIL DESIGNER | same company and role already in the tracker
new  | 95140254 | Mendi Constructions | Civil Project Engineer | new
new  | 95129801 | Geosurv Pty Ltd | Survey Drafter | new
new  | 95123143 | Civil Services Group Pty Ltd | Civil Site Engineers - Bruce Highway - Central Coast | new
new  | 95123147 | Civil Services Group Pty Ltd | Civil Site Engineers - SEC01 / 2 (B02) - BNE - Gen | new
new  | 95086866 | C&H Recruitment | Civil Structures Project Engineer | new
new  | 95038050 | ABS Civil WA Pty Ltd | Civil Estimator - Earthworks | new
new  | 95175867 | FGI Developments | Project Engineer (Civil/Structural) | new
new  | 95153815 | Davidson | Civil Transport Engineers | new
DUP  | 95148846 | City of Canada Bay Council | Infrastructure Engineer | same SEEK job already in the tracker
new  | 95141967 | Eden Ritchie Recruitment | Civil Engineers | new
new  | 95123150 | Civil Services Group Pty Ltd | Civil Project Engineers - Road Projects - GenQLD | new
new  | 95086082 | MMD Recruitment | Site/Project Engineers (Civil & Energy) | new
DUP  | 95042927 | Strand Excavations | Civil Engineering Technician | same SEEK job already in the tracker
new  | 95145180 | Quality People | Maintenance Civil Engineers | new
new  | 95140637 | Quality People | Student Civil Engineer | new
new  | 95136122 | Public Sector People | Student Engineer (Civil) | new
DUP  | 95131555 | WIP Construction | Graduate/ Junior Estimator | same SEEK job already in the tracker
DUP  | 95109690 | Fulton Hogan Australia Pty Limited | Civil Estimator | recent outreach to the same employer (Junior Estimator (Infrastructure Services) · READY_JEREMIE_EMPLOYER_PORTAL · 2026-09-28)
new  | 95075070 | Doolee Construction | Civil Engineer FIFO | new
DUP  | 95050602 | Ivory Group | Civil Engineer | recent outreach to the same employer (Site Engineer · MANUAL_APPLIED · 2026-07-20)
new  | 95175919 | FGI Developments | Site Engineer | new
new  | 95169849 | Oakleigh Civil | Site / Project Engineer - Civil & Concrete | new
DUP  | 95177605 | Fulton Hogan Australia Pty Limited | Undergraduate Engineer | recent outreach to the same employer (Junior Estimator (Infrastructure Services) · READY_JEREMIE_EMPLOYER_PORTAL · 2026-09-28)
new  | 95102595 | Glen Eira City Council | Subdivision Engineer | new
DUP  | 95098983 | Goldsmith | Graduate Site Engineer | same SEEK job already in the tracker
DUP  | 95097833 | Programmed | Civil Construction Traineeship | same SEEK job already in the tracker
DUP  | 95083621 | Dynamic Steelform | Junior Draftsperson / Estimator | same SEEK job already in the tracker
DUP  | 95070274 | GLE Civil and Pipe | Junior Estimator – Water, Sewer & Drainage | same SEEK job already in the tracker
new  | 95159415 | Sabre Engineering Services PTY LTD | Civil RPEQ Engineer | new
new  | 95159385 | Cookson & Roberts | Structural Revit Technician/Drafter | new
new  | 95158420 | Cookson & Roberts | Structural Revit Drafter | new
DUP  | 95140559 | ATC Williams | Geotechnical/Civil Engineer 	 | recent outreach to the same employer (Cadet Civil Drafter · MANUAL_APPLIED · 2026-09-25)
DUP  | 95126025 | City of Greater Geelong | Development Engineer | same SEEK job already in the tracker
new  | 95109131 | City of Gold Coast | Coordinator Engineering Design | new
new  | 95108116 | Ashdown People | Road Designer - Civil Engineer | new
new  | 95104679 | TLH Recruitment | Road Design Engineer | new
new  | 95088625 | City of Rockingham | Development Engineer | new
new  | 95084356 | Woollahra Council | Traffic & Transport Engineer | new
new  | 95082782 | Civilcast | Chartered Civil & Structural Design Engineer (CPeng, NER) - Precast Concrete | new
DUP  | 95077497 | Black Cat Civil Pty Ltd | Site Engineer - FIFO | recent outreach to the same employer (Graduate Engineer · MANUAL_APPLIED · 2026-07-27)
new  | 95172489 | SFdesign Pty Ltd | SMP Designer/ Draftsperson | new
new  | 95171569 | Pacific Energy Ltd | Draftsperson | Kewdale | new
new  | 95165797 | Clifton Productions | Draftsperson | new
new  | 95163841 | Core Talent | DIDO Site Engineer (FRP) | new
new  | 95144059 | Homes and Granny Flats | Junior Steel Detailer | new
DUP  | 95142405 | Seymour Whyte Constructions | Site Engineer | recent outreach to the same employer (Graduate Program - Civil Engineering · MANUAL_APPLIED · 2026-09-27)
new  | 95133694 | SFdesign Pty Ltd | Tekla Designer/ Draftsperson | new
new  | 95133296 | Man of Steel Fabrications | SolidWorks Designer / Draftsperson – Sheet Metal | new
new  | 95128661 | The Constructive Collective NSW Pty Ltd | Associate Civil Engineer | new
DUP  | 95113749 | ACCIONA Australia | Site Engineer | same company and role already in the tracker
new  | 95099352 | Public Sector People | Design Engineer (Roads) | new
new  | 95081355 | Zec Engineering | TEKLA Structural Steel Draftsperson Shop Detailer | new
new  | 95079301 | Ramler | Hotel & Hospitality Design Draftsperson | new
new  | 95173378 | City of Kalamunda | Development Engineer | new
new  | 95172212 | Allstaff Australia Pty Ltd | Project Engineer | NSW State Government | Cooma | new
new  | 95169325 | Civilworks Aust Pty Ltd | Junior/Estimator | new
new  | 95168375 | HHC Engineers | Structural Site Engineer | new
