DUP  | 95127868 | Precruitment | Graduate Civil Engineer  | same SEEK job already in the tracker
new  | 95136390 | City of Armadale | Project Planning Engineer – Civil Infrastructure | new
DUP  | 95181464 | K&H Geotechnial Services | Graduate Civil Engineer / Concrete Field Technician | same SEEK job already in the tracker
new  | 95169703 | Bellwether Contractors | Site Engineers / Project Engineers / SPE's - Civil Infrastructure Projects | new
new  | 95165806 | ACCIONA Australia | Site Engineer - Civil | new
new  | 95157253 | Duffy Kennedy Constructions Pty Ltd | Civil Engineering Draftsperson | new
DUP  | 95133689 | Knauf | Graduate Engineer - Civil/Structural | same company and role already in the tracker
DUP  | 95133637 | Knauf | Graduate Engineer - Civil/Structural | same SEEK job already in the tracker
new  | 95157315 | Alder Constructions Pty Ltd | Estimator - Civil Infrastructure | new
DUP  | 95144800 | City of Busselton | CIVIL DESIGNER | same company and role already in the tracker
new  | 95140254 | Mendi Constructions | Civil Project Engineer | new
new  | 95129801 | Geosurv Pty Ltd | Survey Drafter | new
new  | 95175867 | FGI Developments | Project Engineer (Civil/Structural) | new
new  | 95153815 | Davidson | Civil Transport Engineers | new
DUP  | 95148846 | City of Canada Bay Council | Infrastructure Engineer | same SEEK job already in the tracker
new  | 95141967 | Eden Ritchie Recruitment | Civil Engineers | new
new  | 95145180 | Quality People | Maintenance Civil Engineers | new
new  | 95140637 | Quality People | Student Civil Engineer | new
new  | 95136122 | Public Sector People | Student Engineer (Civil) | new
DUP  | 95131555 | WIP Construction | Graduate/ Junior Estimator | same SEEK job already in the tracker
new  | 95175919 | FGI Developments | Site Engineer | new
new  | 95169849 | Oakleigh Civil | Site / Project Engineer - Civil & Concrete | new
DUP  | 95177605 | Fulton Hogan Australia Pty Limited | Undergraduate Engineer | recent outreach to the same employer (Junior Estimator (Infrastructure Services) · READY_JEREMIE_EMPLOYER_PORTAL · 2026-09-28)
new  | 95159415 | Sabre Engineering Services PTY LTD | Civil RPEQ Engineer | new
new  | 95159385 | Cookson & Roberts | Structural Revit Technician/Drafter | new
new  | 95158420 | Cookson & Roberts | Structural Revit Drafter | new
DUP  | 95140559 | ATC Williams | Geotechnical/Civil Engineer 	 | recent outreach to the same employer (Cadet Civil Drafter · MANUAL_APPLIED · 2026-09-25)
DUP  | 95126025 | City of Greater Geelong | Development Engineer | same SEEK job already in the tracker
new  | 95172489 | SFdesign Pty Ltd | SMP Designer/ Draftsperson | new
new  | 95171569 | Pacific Energy Ltd | Draftsperson | Kewdale | new
new  | 95165797 | Clifton Productions | Draftsperson | new
new  | 95163841 | Core Talent | DIDO Site Engineer (FRP) | new
DUP  | 95144059 | Homes and Granny Flats | Junior Steel Detailer | same SEEK job already in the tracker
DUP  | 95142405 | Seymour Whyte Constructions | Site Engineer | recent outreach to the same employer (Graduate Program - Civil Engineering · MANUAL_APPLIED · 2026-09-27)
new  | 95133694 | SFdesign Pty Ltd | Tekla Designer/ Draftsperson | new
new  | 95133296 | Man of Steel Fabrications | SolidWorks Designer / Draftsperson – Sheet Metal | new
new  | 95128661 | The Constructive Collective NSW Pty Ltd | Associate Civil Engineer | new
new  | 95173378 | City of Kalamunda | Development Engineer | new
new  | 95172212 | Allstaff Australia Pty Ltd | Project Engineer | NSW State Government | Cooma | new
DUP  | 95169325 | Civilworks Aust Pty Ltd | Junior/Estimator | same SEEK job already in the tracker
new  | 95168375 | HHC Engineers | Structural Site Engineer | new
new  | 95165192 | Lockyer Valley Regional Council | Asset Engineer | new
new  | 95155777 | Scenic Rim Regional Council | Engineer Road Maintenance | new
new  | 95154969 | Complete Staff Solutions Pty Ltd | Project Engineer - state government role, road works | new
new  | 95142765 | Shire of Serpentine Jarrahdale | Development Engineer | new
new  | 95140060 | Aston Advantage | Estimator | new
new  | 95135058 | Meriton Property Services Pty Ltd | Site Engineer | new
DUP  | 95129584 | City of Kalgoorlie-Boulder | Engineering Design Officer | same SEEK job already in the tracker
new  | 95128837 | Allegro Employment Services | Graduate and Junior Geologists | new
new  | 95128670 | Hidden | Junior Estimator | new
new  | 95128225 | Rarekind People | Design Engineer | new
DUP  | 95127627 | Constructability Recruitment | Site Engineer / Project Engineers | Rail | Western Sydney | recent outreach to the same employer (Graduate Engineer and Site Engineer | Sydney / FIFO · MANUAL_APPLIED · 2026-07-27)
new  | 95127169 | Redpath Partners Pty Ltd | Project Engineer | new
new  | 95123960 | INTEC Energy Solutions PTY Limited | Site Engineer - Project Controls | new
new  | 95174528 | CPB Contractors WA, SA & NT | Project Engineer  | new
DUP  | 95173338 | Town of Claremont | Engineering Technical Officer | same SEEK job already in the tracker
new  | 95172795 | Insulated Panel Perfection | Draftsperson/Estimator | new
new  | 95169710 | YTB Plumbing Pty Ltd | Civil Estimator & Client Relations Officer | new
new  | 95169467 | Charter Diligence Consulting and Recruitment | Project Engineer | new
new  | 95168418 | APG Workforce | Project Engineer - Asphalt - Government | new
done
