DUP  | 95023909 | Seymour Whyte Constructions | Graduate Civil Engineer | recent outreach to the same employer (Graduate Program - Civil Engineering · MANUAL_APPLIED · 2026-09-27)
DUP  | 95042386 | Aptus | Civil Engineering | $100,000 - $140,000 + | Deliver SEQ's Future | same SEEK job already in the tracker
new  | 95038050 | ABS Civil WA Pty Ltd | Civil Estimator - Earthworks | new
DUP  | 95020684 | D&J's Civil Construction Pty Ltd | Civil Engineer | recent outreach to the same employer (Civil Site Engineer · MANUAL_APPLIED · 2026-07-10)
new  | 95021621 | Ertech Pty Ltd | Project Engineer (Civil) | new
DUP  | 95021629 | Westera Partners Pty Ltd | Civil Design Engineer - Brisbane | recent outreach to the same employer (Graduate Program application - civil engineering / design documentation (standing employer-published graduate intake; no dated vacancy) · PREPARED_NOT_SENT · 2026-09-11)
DUP  | 95013854 | Whitehorse City Council | Asset Engineer | same SEEK job already in the tracker
DUP  | 95012054 | Stantec Australia Pty Ltd | Civil Engineer | recent outreach to the same employer (Civil Cadet Drafter - QLD · READY_JEREMIE_EMPLOYER_PORTAL · 2026-09-12)
DUP  | 95011985 | Stantec Australia Pty Ltd | Civil Engineering Team Leader | recent outreach to the same employer (Civil Cadet Drafter - QLD · READY_JEREMIE_EMPLOYER_PORTAL · 2026-09-12)
DUP  | 95030963 | SRG Global | Site Engineer | same SEEK job already in the tracker
new  | 95021747 | Contec Recruitment Pty Ltd | Civil Estimator  | new
DUP  | 95021585 | Cascada | AutoCAD Draftsperson - Reinforced Concrete | same SEEK job already in the tracker
DUP  | 95017184 | City of South Perth | Engineering Technical Officer - Engineering Design | same SEEK job already in the tracker
new  | 95036163 | Totem Civil Services group PTY LTD | Project Engineer/ Site Engineer | new
new  | 95021786 | SCP Consulting Pty Ltd | Draftsperson | new
new  | 95009307 | The Lorian Group | Construction Cadet / Junior PM | new
new  | 95042297 | Scotford Fennessy Recruitment | Civil Engineer | new
new  | 95037323 | Scotford Fennessy Recruitment | Senoir Structural Drafter - Gold Coast | new
new  | 95028317 | In2work Pty Ltd | NEW! Project Engineers FIFO and East Coast DTMR Projects! | new
new  | 95020068 | AMT CIVILS | Project Engineer – Bulk Earthworks | 2:1 Roster | Immediate Start | new
new  | 95016703 | CGC Recruitment | Site Engineer - Blue Mountains | new
new  | 95026009 | THE BMD GROUP | Design Engineer | new
new  | 95025202 | Civil Road & Rail SX5 | Project Engineer | new
new  | 95024574 | Civil Road & Rail SX5 | Project Engineer | new
new  | 95023805 | GTE Employment Services | Junior Designer/Estimator | new
new  | 95023563 | Contec Recruitment Pty Ltd | Project Engineer - FIFO  | new
new  | 95022688 | Serco Asia Pacific | Undergraduate Engineer | new
new  | 95016530 | Gamuda Engineering Pty Ltd | BIM Engineer | new
new  | 95012996 | Sarens (Australia) Pty Ltd | Engineer: Technical Solutions | new
DUP  | 95011842 | Blacktown City Council | Graduate Project Officer | same SEEK job already in the tracker
DUP  | 95011015 | SRG Global | Project Engineer | recent outreach to the same employer (Site Engineer · READY_JEREMIE_EMPLOYER_PORTAL · 2026-10-02)
new  | 95009439 | TWEED SHIRE COUNCIL | Engineer - Water and Wastewater Design | new
new  | 95008378 | Downer EDI Limited | Project Engineer | new
new  | 95036821 | Green Start Consulting | Draftsperson / Allrounder | new
new  | 95028266 | WSP | Project Engineer | new
new  | 95026425 | Lake Macquarie City Council | Concreting Trainee | new
new  | 95020303 | UGL – Projects-Major Projects | OHLE Project Engineer | new
new  | 95018947 | Kimberley Land Council | Regional Infrastructure Project Coordinator  | new
new  | 95015978 | Austral International | Draftsperson | new
new  | 95016316 | Saltair | Designer/Draftsperson | new
new  | 95015675 | InfraBuild | Reinforcing Design Engineer | new
new  | 95015027 | Sourcey | Structural Design Engineer Sydney | new
new  | 95012380 | Solutions+ | Project Coordinator | new
new  | 95012208 | Solutions+ | Project Coordinator | new
new  | 95010184 | JCU: James Cook University, Australia | Research Engineer, Cyclone Testing Station | new
new  | 95010108 | TWEED SHIRE COUNCIL | Engineer - Projects | new
new  | 95041618 | vitae group pty ltd | Estimator - Prefab Frame & Truss | new
new  | 95028674 | Ampersand | Project Engineer - Industrial Machinery | new
new  | 95002741 | INGRITY Pty Ltd. | INGRITY 2027 Graduate Program – Digital, Data & AI. | new
new  | 95027590 | Ertech Pty Ltd | Project Engineer - Quality | new
new  | 95027483 | One Call Handyman | Estimator | new
DUP  | 95025094 | Global 360 | Building Estimator | recent outreach to the same employer (Graduate Engineer · READY_JEREMIE_SEEK · 2026-10-03)
DUP  | 95024442 | Fulton Hogan Australia Pty Limited | Project Engineer | recent outreach to the same employer (Junior Estimator (Infrastructure Services) · READY_JEREMIE_EMPLOYER_PORTAL · 2026-09-28)
new  | 95024389 | Bridgestone Mining Solutions Australia Pty Ltd | Field Engineer or Graduate Engineer | new
new  | 95023901 | Solutions+ | Assistant Estimator  | new
DUP  | 95022847 | Global 360 | Construction- Estimator | recent outreach to the same employer (Graduate Engineer · READY_JEREMIE_SEEK · 2026-10-03)
new  | 95022215 | BAE Systems | 2027 Engineering Graduate Program | new
new  | 95022224 | BAE Systems | 2027 Project Management Graduate Program | new
new  | 95020670 | CPB Contractors QLD & PNG | Project Engineers - New Bundaberg Hospital | new
new  | 95015855 | melbourne signature joinery | Cabmaster Drafter | new
DUP  | 94936643 | Maker Consulting Services | Graduate and Undergraduate Civil Engineers | same SEEK job already in the tracker
DUP  | 95001725 | Aurecon | Civil Designer, Roads & Highways SEQ | recent outreach to the same employer (Civil Engineer, Land Infrastructure · READY_JEREMIE_EMPLOYER_PORTAL · 2026-09-30)
DUP  | 94989573 | Wallbridge Gilbert Aztec | Civil Designer | same SEEK job already in the tracker
DUP  | 94987987 | D&J's Civil Construction Pty Ltd | Graduate Civil Engineer | recent outreach to the same employer (Civil Site Engineer · MANUAL_APPLIED · 2026-07-10)
new  | 94969508 | GPA Engineering | Civil/Structural Drafter – ADL | new
DUP  | 94904264 | City of Adelaide | Graduate, Civil Engineer | same SEEK job already in the tracker
new  | 94961556 | Brunel | Project Engineer - Civil | new
DUP  | 94985965 | Brisbane Truss and Timber | Civil Engineer Draftsperson | same SEEK job already in the tracker
DUP  | 94984726 | STP Consultants | Junior Structural Draftsperson | recent outreach to the same employer (Junior Civil Draftsperson · READY_JEREMIE_SEEK · 2026-09-30)
DUP  | 94945295 | SSA Group | Civil Designers | All Levels | QLD | recent outreach to the same employer (Civil Design Engineer · MANUAL_APPLIED · 2026-08-06)
DUP  | 94940114 | NOTAZ International PTY LTD | Civil engineering draftsperson | same SEEK job already in the tracker
DUP  | 94939236 | Roesner and Hamilton Consulting Engineers Pty Ltd | Civil Engineering Draftsperson | same SEEK job already in the tracker
DUP  | 94930149 | McMahon Services | Site Engineer - Civil Utilities | same SEEK job already in the tracker
DUP  | 94911522 | PlusJob | Civil Engineering Draftsperson | same SEEK job already in the tracker
DUP  | 95001351 | City of Greater Geraldton | Graduate Engineering Officer | same SEEK job already in the tracker
DUP  | 94969053 | Charles Hull Contracting Co P/L | QA Officer / Graduate Civil Engineer | same SEEK job already in the tracker
DUP  | 94951825 | Coleman Recruitment | Graduate Civil Engineer - Multiple Positions | same SEEK job already in the tracker
DUP  | 94996381 | Mildura Rural City Council | Design Engineering Officer | same SEEK job already in the tracker
new  | 94958791 | ADF Careers | Part-Time Civil Engineer (Tax-Free Pay) | new
new  | 94973025 | Optimum Consulting Group | Civil Engineer | new
new  | 94969016 | QCCS | Civil Project Engineer | new
DUP  | 94960604 | Menai Civil Contractors | Cadet Site Engineer | recent outreach to the same employer (Site Engineer · MANUAL_APPLIED · 2026-07-07)
DUP  | 94960289 | City of Busselton | CIVIL DESIGNER | same SEEK job already in the tracker
DUP  | 94982627 | TBH Consulting | Consultant – Civil Engineer | same SEEK job already in the tracker
DUP  | 94954590 | Terpkos Engineering | Junior Draftsperson and Structural Draftsperson | same SEEK job already in the tracker
new  | 94935564 | Queanbeyan-Palerang Regional Council | Trainee - Civil Construction | new
DUP  | 94902917 | Employment Matters | CIVIL CONSTRUCTION TRAINEE | same SEEK job already in the tracker
new  | 94995704 | Xeros Piccolo Consulting Engineers | Structural/Civil Engineer | new
DUP  | 94993048 | Moon Recruitment | Engineering Technical Officer | same SEEK job already in the tracker
DUP  | 94991047 | Inhabit Group | Civil Engineer | same SEEK job already in the tracker
DUP  | 94985294 | Stantec Australia Pty Ltd | Civil Engineer | recent outreach to the same employer (Civil Cadet Drafter - QLD · READY_JEREMIE_EMPLOYER_PORTAL · 2026-09-12)
DUP  | 94963197 | ConsultANZ | Site Engineer/Project Engineer | recent outreach to the same employer (Site Engineer/ Project Engineer · MANUAL_APPLIED · 2026-07-15)
new  | 94961163 | Brunel | Project Engineer  | new
new  | 94958409 | Right Connect | Structural Drafter | new
new  | 94950957 | Milo Geotechnical | Civil Engineer | new
DUP  | 94939016 | Egis | Civil Engineer (Urban Development) | recent outreach to the same employer (Graduate Consultant - Rail · READY_JEREMIE_SEEK · 2026-10-01)
DUP  | 94936455 | Maker Consulting Services | Civil Engineer | recent outreach to the same employer (Graduate and Undergraduate Civil Engineers · PREPARED_NOT_SENT · 2026-09-30)
DUP  | 94932703 | Central Highlands Water | Graduate Infrastructure Planning and Delivery | same SEEK job already in the tracker
DUP  | 94929929 | L+R Consulting | Civil Engineer | recent outreach to the same employer (Civil Engineer · MANUAL_APPLIED · 2026-08-07)
DUP  | 94990797 | CPB Contractors NSW ACT | Site Engineer - Infrastructure, Building, Trades & Works | same SEEK job already in the tracker
new  | 94990020 | Gough Recruitment SA | Civil Estimator | new
new  | 94956743 | Formstruct | Estimator  - Civil & NPI | new
DUP  | 94941345 | Chalouhi | Site Engineer | same company and role already in the tracker
new  | 94936909 | City of Joondalup | Skilled General Hand - Engineering Construction (Civil) | new
DUP  | 94929502 | UGL CPB Humelink West | Project Engineer - Civil | same SEEK job already in the tracker
DUP  | 94925455 | Hanlons Consulting | Civil Engineer/Civil Designer | same SEEK job already in the tracker
new  | 94916158 | WYN&CO Search Recruitment & Payroll | Civil Project Engineer | new
new  | 94999649 | CPB Contractors NSW ACT | Project Engineer Building & Infrastructure | new
DUP  | 94998155 | City of Newcastle | Cadet Engineer | same SEEK job already in the tracker
new  | 94978646 | Smith & Co | Estimator | new
new  | 94944895 | TTW (NSW) Pty Ltd | Structural Revit Drafter | new
new  | 95002679 | Sunshine Coast Council | Design Engineer | new
DUP  | 95007162 | Inhabit Group | Graduate Consultant - Rail | same SEEK job already in the tracker
new  | 94994373 | Tungsten Mining | Civil Project Engineer | new
new  | 94991390 | Sunshine Coast Council | Design Engineer | new
new  | 94987271 | Randstad - Construction, Property & Engineering | Estimator | new
DUP  | 94984460 | CONCRETE SEAL PTY LTD | Cadet Estimator & Project Coordinator — Commercial Waterproofing | same SEEK job already in the tracker
DUP  | 94972758 | Information Quality | Junior in Engineering Drafting | same SEEK job already in the tracker
new  | 94958365 | Symal | Project Engineer | new
new  | 94940251 | Martin Metal Works Pty Ltd | Design Draftsperson – Autodesk Inventor | new
new  | 94937680 | CPB Contractors VIC & TAS | Site Engineer Leakes Road (Engineering) | new
new  | 94936602 | Peopleconnexion Recruitment | Site Engineer - Geotechnical | new
new  | 94930821 | Project BA | Cadet Building Certifier / Engineering Graduate | new
new  | 94909348 | Satake Australia Pty Ltd | Draftsperson | new
