DUP  | 95023909 | Seymour Whyte Constructions | Graduate Civil Engineer | recent outreach to the same employer (Graduate Program - Civil Engineering · MANUAL_APPLIED · 2026-09-27)
DUP  | 95042386 | Aptus | Civil Engineering | $100,000 - $140,000 + | Deliver SEQ's Future | same SEEK job already in the tracker
new  | 95038050 | ABS Civil WA Pty Ltd | Civil Estimator - Earthworks | new
DUP  | 95020684 | D&J's Civil Construction Pty Ltd | Civil Engineer | recent outreach to the same employer (Civil Site Engineer · MANUAL_APPLIED · 2026-07-10)
new  | 95021621 | Ertech Pty Ltd | Project Engineer (Civil) | new
DUP  | 95021629 | Westera Partners Pty Ltd | Civil Design Engineer - Brisbane | recent outreach to the same employer (Graduate Program application - civil engineering / design documentation (standing employer-published graduate intake; no dated vacancy) · PREPARED_NOT_SENT · 2026-09-11)
DUP  | 95013854 | Whitehorse City Council | Asset Engineer | same SEEK job already in the tracker
DUP  | 95012054 | Stantec Australia Pty Ltd | Civil Engineer | recent outreach to the same employer (Civil Cadet Drafter - QLD · READY_JEREMIE_EMPLOYER_PORTAL · 2026-09-12)
DUP  | 95011985 | Stantec Australia Pty Ltd | Civil Engineering Team Leader | recent outreach to the same employer (Civil Cadet Drafter - QLD · READY_JEREMIE_EMPLOYER_PORTAL · 2026-09-12)
DUP  | 95030963 | SRG Global | Site Engineer | same SEEK job already in the tracker
new  | 95021747 | Contec Recruitment Pty Ltd | Civil Estimator  | new
DUP  | 95021585 | Cascada | AutoCAD Draftsperson - Reinforced Concrete | same SEEK job already in the tracker
DUP  | 95017184 | City of South Perth | Engineering Technical Officer - Engineering Design | same SEEK job already in the tracker
new  | 95036163 | Totem Civil Services group PTY LTD | Project Engineer/ Site Engineer | new
new  | 95021786 | SCP Consulting Pty Ltd | Draftsperson | new
new  | 95009307 | The Lorian Group | Construction Cadet / Junior PM | new
new  | 95042297 | Scotford Fennessy Recruitment | Civil Engineer | new
new  | 95037323 | Scotford Fennessy Recruitment | Senoir Structural Drafter - Gold Coast | new
new  | 95028317 | In2work Pty Ltd | NEW! Project Engineers FIFO and East Coast DTMR Projects! | new
new  | 95020068 | AMT CIVILS | Project Engineer – Bulk Earthworks | 2:1 Roster | Immediate Start | new
new  | 95016703 | CGC Recruitment | Site Engineer - Blue Mountains | new
new  | 95026009 | THE BMD GROUP | Design Engineer | new
new  | 95025202 | Civil Road & Rail SX5 | Project Engineer | new
new  | 95024574 | Civil Road & Rail SX5 | Project Engineer | new
new  | 95023805 | GTE Employment Services | Junior Designer/Estimator | new
new  | 95023563 | Contec Recruitment Pty Ltd | Project Engineer - FIFO  | new
new  | 95022688 | Serco Asia Pacific | Undergraduate Engineer | new
new  | 95016530 | Gamuda Engineering Pty Ltd | BIM Engineer | new
new  | 95012996 | Sarens (Australia) Pty Ltd | Engineer: Technical Solutions | new
DUP  | 95011842 | Blacktown City Council | Graduate Project Officer | same SEEK job already in the tracker
DUP  | 95011015 | SRG Global | Project Engineer | recent outreach to the same employer (Site Engineer · READY_JEREMIE_EMPLOYER_PORTAL · 2026-10-02)
new  | 95009439 | TWEED SHIRE COUNCIL | Engineer - Water and Wastewater Design | new
new  | 95008378 | Downer EDI Limited | Project Engineer | new
new  | 95036821 | Green Start Consulting | Draftsperson / Allrounder | new
new  | 95028266 | WSP | Project Engineer | new
new  | 95026425 | Lake Macquarie City Council | Concreting Trainee | new
new  | 95020303 | UGL – Projects-Major Projects | OHLE Project Engineer | new
new  | 95018947 | Kimberley Land Council | Regional Infrastructure Project Coordinator  | new
new  | 95015978 | Austral International | Draftsperson | new
new  | 95016316 | Saltair | Designer/Draftsperson | new
new  | 95015675 | InfraBuild | Reinforcing Design Engineer | new
new  | 95015027 | Sourcey | Structural Design Engineer Sydney | new
new  | 95012380 | Solutions+ | Project Coordinator | new
new  | 95012208 | Solutions+ | Project Coordinator | new
new  | 95010184 | JCU: James Cook University, Australia | Research Engineer, Cyclone Testing Station | new
new  | 95010108 | TWEED SHIRE COUNCIL | Engineer - Projects | new
new  | 95041618 | vitae group pty ltd | Estimator - Prefab Frame & Truss | new
new  | 95028674 | Ampersand | Project Engineer - Industrial Machinery | new
new  | 95002741 | INGRITY Pty Ltd. | INGRITY 2027 Graduate Program – Digital, Data & AI. | new
new  | 95027590 | Ertech Pty Ltd | Project Engineer - Quality | new
new  | 95027483 | One Call Handyman | Estimator | new
DUP  | 95025094 | Global 360 | Building Estimator | recent outreach to the same employer (Graduate Engineer · READY_JEREMIE_SEEK · 2026-10-03)
DUP  | 95024442 | Fulton Hogan Australia Pty Limited | Project Engineer | recent outreach to the same employer (Junior Estimator (Infrastructure Services) · READY_JEREMIE_EMPLOYER_PORTAL · 2026-09-28)
new  | 95024389 | Bridgestone Mining Solutions Australia Pty Ltd | Field Engineer or Graduate Engineer | new
new  | 95023901 | Solutions+ | Assistant Estimator  | new
DUP  | 95022847 | Global 360 | Construction- Estimator | recent outreach to the same employer (Graduate Engineer · READY_JEREMIE_SEEK · 2026-10-03)
new  | 95022215 | BAE Systems | 2027 Engineering Graduate Program | new
new  | 95022224 | BAE Systems | 2027 Project Management Graduate Program | new
new  | 95020670 | CPB Contractors QLD & PNG | Project Engineers - New Bundaberg Hospital | new
new  | 95015855 | melbourne signature joinery | Cabmaster Drafter | new
