{
 "built": [
  [
   "12ff38cb-2eb1-473d-ba91-abc7b9360d8d",
   "Georgiou Group",
   "Undergraduate and Graduate Positions EOI",
   "READY_JEREMIE_EMPLOYER_PORTAL"
  ],
  [
   "43daf8bd-7578-4387-966b-1eec55895592",
   "Millar Merrigan",
   "Design Engineering Graduate Program",
   "PREPARED_NOT_SENT"
  ]
 ],
 "rejected": [],
 "tracker": {
  "version": 45,
  "updated_at": "2026-10-01T14:29:58.795Z",
  "result": {
   "added": [
    "12ff38cb-2eb1-473d-ba91-abc7b9360d8d",
    "43daf8bd-7578-4387-966b-1eec55895592"
   ],
   "skipped": []
  }
 }
}
