seen 1435 · prefilter passed 391 · details 80 → ../runs/20261007T1011Z/candidates_d14.json
DUP  | 94857688 | Airswift | Junior Civil Drafter - Perth  | same SEEK job already in the tracker
DUP  | 95111430 | Maitland City Council | Graduate Civil Engineer | same SEEK job already in the tracker
new  | 95105726 | Ground Civil | Civil Designer – Subdivision & Land Development | new
DUP  | 94848610 | STP Consultants | Junior Civil Draftsperson | same SEEK job already in the tracker
DUP  | 95001725 | Aurecon | Civil Designer, Roads & Highways SEQ | recent outreach to the same employer (Civil Engineer, Land Infrastructure · READY_JEREMIE_EMPLOYER_PORTAL · 2026-09-30)
DUP  | 94989573 | Wallbridge Gilbert Aztec | Civil Designer | same SEEK job already in the tracker
DUP  | 95101073 | Seymour Whyte Constructions | Graduate Civil Engineer | recent outreach to the same employer (Graduate Program - Civil Engineering · MANUAL_APPLIED · 2026-09-27)
DUP  | 95101071 | Seymour Whyte Constructions | Graduate Civil Engineer | recent outreach to the same employer (Graduate Program - Civil Engineering · MANUAL_APPLIED · 2026-09-27)
DUP  | 95086664 | Seymour Whyte Constructions | Graduate Civil Engineer | recent outreach to the same employer (Graduate Program - Civil Engineering · MANUAL_APPLIED · 2026-09-27)
DUP  | 95086652 | Seymour Whyte Constructions | Graduate Civil Engineer | recent outreach to the same employer (Graduate Program - Civil Engineering · MANUAL_APPLIED · 2026-09-27)
DUP  | 95085179 | Seymour Whyte Constructions | Graduate Civil Engineer | recent outreach to the same employer (Graduate Program - Civil Engineering · MANUAL_APPLIED · 2026-09-27)
DUP  | 95072130 | Walters Contracting Pty Ltd | Graduate Civil Engineer | same SEEK job already in the tracker
DUP  | 94987987 | D&J's Civil Construction Pty Ltd | Graduate Civil Engineer | recent outreach to the same employer (Civil Site Engineer · MANUAL_APPLIED · 2026-07-10)
new  | 94969508 | GPA Engineering | Civil/Structural Drafter – ADL | new
DUP  | 94870253 | Australian Ground Technologies | Junior Civil Engineer – Retaining Walls | same SEEK job already in the tracker
DUP  | 94850865 | JCA Land Consultants | Graduate Civil Engineer | same SEEK job already in the tracker
DUP  | 94857780 | Sydney Earthworks | JUNIOR ESTIMATOR - CIVIL / EARTHWORKS | same SEEK job already in the tracker
new  | 95097651 | Hullcon | Civil Draftsperson - Microstation and ProjectWise | new
new  | 95088542 | Inhabit Group | Graduate Civil Engineer - Water | new
DUP  | 94851901 | ATC Williams | Cadet Civil Drafter  | same SEEK job already in the tracker
new  | 95101347 | Sourcey | Civil Designer/ 3D Modeller | new
new  | 95085919 | Scotford Fennessy Recruitment | Structural Drafter | new
new  | 95080302 | Engineering Design Global Enterprises Pty Ltd | Civil Designer - 12d Specialist | new
DUP  | 95048696 | PlanCon Build | Civil Engineering Draftsperson | same SEEK job already in the tracker
DUP  | 95042386 | Aptus | Civil Engineering | $100,000 - $140,000 + | Deliver SEQ's Future | same SEEK job already in the tracker
DUP  | 94985965 | Brisbane Truss and Timber | Civil Engineer Draftsperson | same SEEK job already in the tracker
DUP  | 94984726 | STP Consultants | Junior Structural Draftsperson | recent outreach to the same employer (Junior Civil Draftsperson · READY_JEREMIE_SEEK · 2026-09-30)
DUP  | 94940114 | NOTAZ International PTY LTD | Civil engineering draftsperson | same SEEK job already in the tracker
DUP  | 94939236 | Roesner and Hamilton Consulting Engineers Pty Ltd | Civil Engineering Draftsperson | same SEEK job already in the tracker
DUP  | 94911522 | PlusJob | Civil Engineering Draftsperson | same SEEK job already in the tracker
new  | 95117670 | Civil Services Group Pty Ltd | Civil Site Engineers - Rail Projects | new
new  | 95117654 | Civil Services Group Pty Ltd | Civil Site Engineer (Structures) SEC01 or SEC02 (B02) - BNE Gen | new
new  | 95117606 | Civil Services Group Pty Ltd | Civil Site Engineers - Bruce Highway - Central Coast | new
new  | 95117523 | Civil Services Group Pty Ltd | Civil Site Engineers - SEC01 / 2 (B02) - BNE - Gen | new
new  | 95086866 | C&H Recruitment | Civil Structures Project Engineer | new
new  | 95038050 | ABS Civil WA Pty Ltd | Civil Estimator - Earthworks | new
DUP  | 95020684 | D&J's Civil Construction Pty Ltd | Civil Engineer | recent outreach to the same employer (Civil Site Engineer · MANUAL_APPLIED · 2026-07-10)
DUP  | 95001351 | City of Greater Geraldton | Graduate Engineering Officer | same SEEK job already in the tracker
DUP  | 94969053 | Charles Hull Contracting Co P/L | QA Officer / Graduate Civil Engineer | same SEEK job already in the tracker
new  | 95117538 | Civil Services Group Pty Ltd | Civil Project Engineers - Maintenance and Works - GenQLD | new
new  | 95117534 | Civil Services Group Pty Ltd | Civil Project Engineers - Road Projects - GenQLD | new
new  | 95086082 | MMD Recruitment | Site/Project Engineers (Civil & Energy) | new
DUP  | 95042927 | Strand Excavations | Civil Engineering Technician | same SEEK job already in the tracker
new  | 95021621 | Ertech Pty Ltd | Project Engineer (Civil) | new
DUP  | 94996381 | Mildura Rural City Council | Design Engineering Officer | same SEEK job already in the tracker
new  | 94958791 | ADF Careers | Part-Time Civil Engineer (Tax-Free Pay) | new
new  | 94973025 | Optimum Consulting Group | Civil Engineer | new
new  | 94969016 | QCCS | Civil Project Engineer | new
new  | 94960604 | Menai Civil Contractors | Cadet Site Engineer | new
DUP  | 94960289 | City of Busselton | CIVIL DESIGNER | same SEEK job already in the tracker
DUP  | 94954590 | Terpkos Engineering | Junior Draftsperson and Structural Draftsperson | same SEEK job already in the tracker
DUP  | 94902917 | Employment Matters | CIVIL CONSTRUCTION TRAINEE | same SEEK job already in the tracker
new  | 94839731 | City of Gold Coast | Undergraduate Engineers | new
new  | 95117561 | Civil Services Group Pty Ltd | Civil Engineer - Sunshine Coast - Gen | new
DUP  | 95109690 | Fulton Hogan Australia Pty Limited | Civil Estimator | recent outreach to the same employer (Junior Estimator (Infrastructure Services) · READY_JEREMIE_EMPLOYER_PORTAL · 2026-09-28)
new  | 95075070 | Doolee Construction | Civil Engineer FIFO | new
new  | 95054464 | Talent Web Property | Civil Design Engineer | new
DUP  | 95050602 | Ivory Group | Civil Engineer | recent outreach to the same employer (Site Engineer · MANUAL_APPLIED · 2026-07-20)
DUP  | 95021629 | Westera Partners Pty Ltd | Civil Design Engineer - Brisbane | recent outreach to the same employer (Graduate Program application - civil engineering / design documentation (standing employer-published graduate intake; no dated vacancy) · PREPARED_NOT_SENT · 2026-09-11)
DUP  | 95013854 | Whitehorse City Council | Asset Engineer | same SEEK job already in the tracker
DUP  | 95012054 | Stantec Australia Pty Ltd | Civil Engineer | recent outreach to the same employer (Civil Cadet Drafter - QLD · READY_JEREMIE_EMPLOYER_PORTAL · 2026-09-12)
DUP  | 95011985 | Stantec Australia Pty Ltd | Civil Engineering Team Leader | recent outreach to the same employer (Civil Cadet Drafter - QLD · READY_JEREMIE_EMPLOYER_PORTAL · 2026-09-12)
new  | 94995704 | Xeros Piccolo Consulting Engineers | Structural/Civil Engineer | new
DUP  | 94993048 | Moon Recruitment | Engineering Technical Officer | same SEEK job already in the tracker
DUP  | 94991047 | Inhabit Group | Civil Engineer | same SEEK job already in the tracker
DUP  | 94985294 | Stantec Australia Pty Ltd | Civil Engineer | recent outreach to the same employer (Civil Cadet Drafter - QLD · READY_JEREMIE_EMPLOYER_PORTAL · 2026-09-12)
DUP  | 94963197 | ConsultANZ | Site Engineer/Project Engineer | recent outreach to the same employer (Site Engineer/ Project Engineer · MANUAL_APPLIED · 2026-07-15)
new  | 94958409 | Right Connect | Structural Drafter | new
DUP  | 94842398 | Northrop Consulting Engineers Pty Ltd | Civil Engineer | recent outreach to the same employer (Expression of Interest / Tell Us About You - early career civil · READY_JEREMIE_EMPLOYER_FORM · 2026-10-02)
new  | 94825304 | Vorstrom | Cadet Draftsperson | new
new  | 95102595 | Glen Eira City Council | Subdivision Engineer | new
DUP  | 95098983 | Goldsmith | Graduate Site Engineer | same SEEK job already in the tracker
new  | 95097833 | Programmed | Civil Construction Traineeship | new
DUP  | 95083621 | Dynamic Steelform | Junior Draftsperson / Estimator | same SEEK job already in the tracker
DUP  | 95070274 | GLE Civil and Pipe | Junior Estimator – Water, Sewer & Drainage | same SEEK job already in the tracker
DUP  | 95030963 | SRG Global | Site Engineer | same SEEK job already in the tracker
new  | 95021747 | Contec Recruitment Pty Ltd | Civil Estimator  | new
DUP  | 95021585 | Cascada | AutoCAD Draftsperson - Reinforced Concrete | same SEEK job already in the tracker
DUP  | 94990797 | CPB Contractors NSW ACT | Site Engineer - Infrastructure, Building, Trades & Works | same SEEK job already in the tracker
DUP  | 94990020 | Gough Recruitment SA | Civil Estimator | same SEEK job already in the tracker
DONE
