seen 976 · prefilter passed 195 · details 60 → ../runs/20261007T1011Z/candidates.json
DUP  | 95111430 | Maitland City Council | Graduate Civil Engineer | same SEEK job already in the tracker
new  | 95105726 | Ground Civil | Civil Designer – Subdivision & Land Development | new
DUP  | 95101073 | Seymour Whyte Constructions | Graduate Civil Engineer | recent outreach to the same employer (Graduate Program - Civil Engineering · MANUAL_APPLIED · 2026-09-27)
DUP  | 95101071 | Seymour Whyte Constructions | Graduate Civil Engineer | recent outreach to the same employer (Graduate Program - Civil Engineering · MANUAL_APPLIED · 2026-09-27)
DUP  | 95086664 | Seymour Whyte Constructions | Graduate Civil Engineer | recent outreach to the same employer (Graduate Program - Civil Engineering · MANUAL_APPLIED · 2026-09-27)
DUP  | 95086652 | Seymour Whyte Constructions | Graduate Civil Engineer | recent outreach to the same employer (Graduate Program - Civil Engineering · MANUAL_APPLIED · 2026-09-27)
DUP  | 95085179 | Seymour Whyte Constructions | Graduate Civil Engineer | recent outreach to the same employer (Graduate Program - Civil Engineering · MANUAL_APPLIED · 2026-09-27)
DUP  | 95072130 | Walters Contracting Pty Ltd | Graduate Civil Engineer | same SEEK job already in the tracker
new  | 95097651 | Hullcon | Civil Draftsperson - Microstation and ProjectWise | new
new  | 95088542 | Inhabit Group | Graduate Civil Engineer - Water | new
new  | 95101347 | Sourcey | Civil Designer/ 3D Modeller | new
new  | 95085919 | Scotford Fennessy Recruitment | Structural Drafter | new
new  | 95080302 | Engineering Design Global Enterprises Pty Ltd | Civil Designer - 12d Specialist | new
DUP  | 95048696 | PlanCon Build | Civil Engineering Draftsperson | same SEEK job already in the tracker
DUP  | 95042386 | Aptus | Civil Engineering | $100,000 - $140,000 + | Deliver SEQ's Future | same SEEK job already in the tracker
new  | 95117670 | Civil Services Group Pty Ltd | Civil Site Engineers - Rail Projects | new
new  | 95117654 | Civil Services Group Pty Ltd | Civil Site Engineer (Structures) SEC01 or SEC02 (B02) - BNE Gen | new
new  | 95117606 | Civil Services Group Pty Ltd | Civil Site Engineers - Bruce Highway - Central Coast | new
new  | 95117523 | Civil Services Group Pty Ltd | Civil Site Engineers - SEC01 / 2 (B02) - BNE - Gen | new
new  | 95086866 | C&H Recruitment | Civil Structures Project Engineer | new
new  | 95117538 | Civil Services Group Pty Ltd | Civil Project Engineers - Maintenance and Works - GenQLD | new
new  | 95117534 | Civil Services Group Pty Ltd | Civil Project Engineers - Road Projects - GenQLD | new
new  | 95086082 | MMD Recruitment | Site/Project Engineers (Civil & Energy) | new
DUP  | 95042927 | Strand Excavations | Civil Engineering Technician | same SEEK job already in the tracker
new  | 95117561 | Civil Services Group Pty Ltd | Civil Engineer - Sunshine Coast - Gen | new
DUP  | 95109690 | Fulton Hogan Australia Pty Limited | Civil Estimator | recent outreach to the same employer (Junior Estimator (Infrastructure Services) · READY_JEREMIE_EMPLOYER_PORTAL · 2026-09-28)
new  | 95075070 | Doolee Construction | Civil Engineer FIFO | new
new  | 95054464 | Talent Web Property | Civil Design Engineer | new
DUP  | 95050602 | Ivory Group | Civil Engineer | recent outreach to the same employer (Site Engineer · MANUAL_APPLIED · 2026-07-20)
new  | 95102595 | Glen Eira City Council | Subdivision Engineer | new
DUP  | 95098983 | Goldsmith | Graduate Site Engineer | same SEEK job already in the tracker
new  | 95097833 | Programmed | Civil Construction Traineeship | new
DUP  | 95083621 | Dynamic Steelform | Junior Draftsperson / Estimator | same SEEK job already in the tracker
DUP  | 95070274 | GLE Civil and Pipe | Junior Estimator – Water, Sewer & Drainage | same SEEK job already in the tracker
new  | 95109131 | City of Gold Coast | Coordinator Engineering Design | new
new  | 95108116 | Ashdown People | Road Designer - Civil Engineer | new
new  | 95088625 | City of Rockingham | Development Engineer | new
new  | 95084356 | Woollahra Council | Traffic & Transport Engineer | new
new  | 95082782 | Civilcast | Chartered Civil & Structural Design Engineer (CPeng, NER) - Precast Concrete | new
DUP  | 95077497 | Black Cat Civil Pty Ltd | Site Engineer - FIFO | recent outreach to the same employer (Graduate Engineer · MANUAL_APPLIED · 2026-07-27)
new  | 95052080 | RSG Recruitment Aust Pty Ltd | Project Engineer | new
DUP  | 95113749 | ACCIONA Australia | Site Engineer | same company and role already in the tracker
new  | 95099352 | Public Sector People | Design Engineer (Roads) | new
new  | 95098286 | TasWater | Engineer Dam Infrastructure | new
new  | 95098260 | TasWater | Engineer Dam Infrastructure | new
new  | 95098241 | TasWater | Engineer Dam Infrastructure | new
new  | 95081355 | Zec Engineering | TEKLA Structural Steel Draftsperson Shop Detailer | new
new  | 95079301 | Ramler | Hotel & Hospitality Design Draftsperson | new
new  | 95053124 | RSG Recruitment Aust Pty Ltd | Project Engineer | new
new  | 95110538 | Fugro Australia Pty Ltd | Graduate Project Engineer (Subsea) | new
new  | 95109054 | City of Ryde | Engineering Assistant - Internship | new
new  | 95100188 | Interflow Resources Pty Limited | Project Coordinator | new
new  | 95097160 | Interflow Resources Pty Limited | Project Engineer | new
new  | 95093403 | Art Plus Play | Estimator / Technical Draftsperson | new
new  | 95088940 | Stellar Recruitment | Project Engineer (Roads) | new
new  | 95083301 | CGC Recruitment | Site Engineer | 2 Month Contract | 8/6 FIFO | new
DUP  | 95078226 | DT Infrastructure | Project Engineer | recent outreach to the same employer (2027 DT Infrastructure Graduate Program - Engineering · APPLICATION_UNDER_REVIEW · 2026-09-27)
DUP  | 95070581 | DT Infrastructure | Project Engineers/ Site Engineers- Marinus Link Project | recent outreach to the same employer (2027 DT Infrastructure Graduate Program - Engineering · APPLICATION_UNDER_REVIEW · 2026-09-27)
new  | 95069893 | CGC Recruitment | Site Engineer | new
DUP  | 95049932 | The Global Beauty Group | Junior/Graduate Engineer | recent outreach to the same employer (Graduate Engineer · READY_JEREMIE_SEEK · 2026-10-03)
DONE
