seen 1273 · prefilter passed 296 · details 80 → ../runs/20261008T0616Z/w7/candidates.json
DUP  | 95111430 | Maitland City Council | Graduate Civil Engineer | same SEEK job already in the tracker
new  | 95105726 | Ground Civil | Civil Designer – Subdivision & Land Development | new
DUP  | 95001725 | Aurecon | Civil Designer, Roads & Highways SEQ | recent outreach to the same employer (Civil Engineer, Land Infrastructure · READY_JEREMIE_EMPLOYER_PORTAL · 2026-09-30)
DUP  | 95127868 | Precruitment | Graduate Civil Engineer  | same SEEK job already in the tracker
DUP  | 95101073 | Seymour Whyte Constructions | Graduate Civil Engineer | recent outreach to the same employer (Graduate Program - Civil Engineering · MANUAL_APPLIED · 2026-09-27)
DUP  | 95101071 | Seymour Whyte Constructions | Graduate Civil Engineer | recent outreach to the same employer (Graduate Program - Civil Engineering · MANUAL_APPLIED · 2026-09-27)
DUP  | 95086664 | Seymour Whyte Constructions | Graduate Civil Engineer | recent outreach to the same employer (Graduate Program - Civil Engineering · MANUAL_APPLIED · 2026-09-27)
DUP  | 95086652 | Seymour Whyte Constructions | Graduate Civil Engineer | recent outreach to the same employer (Graduate Program - Civil Engineering · MANUAL_APPLIED · 2026-09-27)
DUP  | 95085179 | Seymour Whyte Constructions | Graduate Civil Engineer | recent outreach to the same employer (Graduate Program - Civil Engineering · MANUAL_APPLIED · 2026-09-27)
DUP  | 95072130 | Walters Contracting Pty Ltd | Graduate Civil Engineer | same SEEK job already in the tracker
new  | 95136390 | City of Armadale | Project Planning Engineer – Civil Infrastructure | new
new  | 95097651 | Hullcon | Civil Draftsperson - Microstation and ProjectWise | new
new  | 95088542 | Inhabit Group | Graduate Civil Engineer - Water | new
new  | 95133689 | Knauf | Graduate Engineer - Civil/Structural | new
new  | 95133637 | Knauf | Graduate Engineer - Civil/Structural | new
new  | 95101347 | Sourcey | Civil Designer/ 3D Modeller | new
new  | 95085919 | Scotford Fennessy Recruitment | Structural Drafter | new
new  | 95080302 | Engineering Design Global Enterprises Pty Ltd | Civil Designer - 12d Specialist | new
DUP  | 95048696 | PlanCon Build | Civil Engineering Draftsperson | same SEEK job already in the tracker
DUP  | 95042386 | Aptus | Civil Engineering | $100,000 - $140,000 + | Deliver SEQ's Future | same SEEK job already in the tracker
DUP  | 94985965 | Brisbane Truss and Timber | Civil Engineer Draftsperson | same SEEK job already in the tracker
DUP  | 94984726 | STP Consultants | Junior Structural Draftsperson | recent outreach to the same employer (Junior Civil Draftsperson · READY_JEREMIE_SEEK · 2026-09-30)
new  | 95140254 | Mendi Constructions | Civil Project Engineer | new
new  | 95129801 | Geosurv Pty Ltd | Survey Drafter | new
new  | 95123147 | Civil Services Group Pty Ltd | Civil Site Engineers - SEC01 / 2 (B02) - BNE - Gen | new
new  | 95123172 | Civil Services Group Pty Ltd | Civil Site Engineer (Structures) SEC01 or SEC02 (B02) - BNE Gen | new
new  | 95123187 | Civil Services Group Pty Ltd | Civil Site Engineers - Rail Projects | new
new  | 95123143 | Civil Services Group Pty Ltd | Civil Site Engineers - Bruce Highway - Central Coast | new
new  | 95086866 | C&H Recruitment | Civil Structures Project Engineer | new
new  | 95038050 | ABS Civil WA Pty Ltd | Civil Estimator - Earthworks | new
DUP  | 95020684 | D&J's Civil Construction Pty Ltd | Civil Engineer | recent outreach to the same employer (Civil Site Engineer · MANUAL_APPLIED · 2026-07-10)
DUP  | 95001351 | City of Greater Geraldton | Graduate Engineering Officer | same SEEK job already in the tracker
new  | 95123151 | Civil Services Group Pty Ltd | Civil Project Engineers - Maintenance and Works - GenQLD | new
new  | 95123150 | Civil Services Group Pty Ltd | Civil Project Engineers - Road Projects - GenQLD | new
new  | 95086082 | MMD Recruitment | Site/Project Engineers (Civil & Energy) | new
DUP  | 95042927 | Strand Excavations | Civil Engineering Technician | same SEEK job already in the tracker
new  | 95021621 | Ertech Pty Ltd | Project Engineer (Civil) | new
DUP  | 94996381 | Mildura Rural City Council | Design Engineering Officer | same SEEK job already in the tracker
new  | 94958791 | ADF Careers | Part-Time Civil Engineer (Tax-Free Pay) | new
new  | 95140637 | Quality People | Student Civil Engineer | new
new  | 95136122 | Public Sector People | Student Engineer (Civil) | new
new  | 95131555 | WIP Construction | Graduate/ Junior Estimator | new
new  | 95123170 | Civil Services Group Pty Ltd | Civil Engineer - Sunshine Coast - Gen | new
DUP  | 95109690 | Fulton Hogan Australia Pty Limited | Civil Estimator | recent outreach to the same employer (Junior Estimator (Infrastructure Services) · READY_JEREMIE_EMPLOYER_PORTAL · 2026-09-28)
new  | 95075070 | Doolee Construction | Civil Engineer FIFO | new
new  | 95054464 | Talent Web Property | Civil Design Engineer | new
DUP  | 95050602 | Ivory Group | Civil Engineer | recent outreach to the same employer (Site Engineer · MANUAL_APPLIED · 2026-07-20)
DUP  | 95021629 | Westera Partners Pty Ltd | Civil Design Engineer - Brisbane | recent outreach to the same employer (Graduate Program application - civil engineering / design documentation (standing employer-published graduate intake; no dated vacancy) · PREPARED_NOT_SENT · 2026-09-11)
DUP  | 95013854 | Whitehorse City Council | Asset Engineer | same SEEK job already in the tracker
DUP  | 95012054 | Stantec Australia Pty Ltd | Civil Engineer | recent outreach to the same employer (Civil Cadet Drafter - QLD · READY_JEREMIE_EMPLOYER_PORTAL · 2026-09-12)
new  | 95102595 | Glen Eira City Council | Subdivision Engineer | new
DUP  | 95098983 | Goldsmith | Graduate Site Engineer | same SEEK job already in the tracker
DUP  | 95097833 | Programmed | Civil Construction Traineeship | same SEEK job already in the tracker
DUP  | 95083621 | Dynamic Steelform | Junior Draftsperson / Estimator | same SEEK job already in the tracker
DUP  | 95070274 | GLE Civil and Pipe | Junior Estimator – Water, Sewer & Drainage | same SEEK job already in the tracker
new  | 95021747 | Contec Recruitment Pty Ltd | Civil Estimator  | new
DUP  | 95021585 | Cascada | AutoCAD Draftsperson - Reinforced Concrete | same SEEK job already in the tracker
DUP  | 95140559 | ATC Williams | Geotechnical/Civil Engineer 	 | recent outreach to the same employer (Cadet Civil Drafter · MANUAL_APPLIED · 2026-09-25)
DUP  | 95126025 | City of Greater Geelong | Development Engineer | same SEEK job already in the tracker
new  | 95109131 | City of Gold Coast | Coordinator Engineering Design | new
new  | 95108116 | Ashdown People | Road Designer - Civil Engineer | new
new  | 95104679 | TLH Recruitment | Road Design Engineer | new
new  | 95088625 | City of Rockingham | Development Engineer | new
new  | 95084356 | Woollahra Council | Traffic & Transport Engineer | new
new  | 95082782 | Civilcast | Chartered Civil & Structural Design Engineer (CPeng, NER) - Precast Concrete | new
DUP  | 95077497 | Black Cat Civil Pty Ltd | Site Engineer - FIFO | recent outreach to the same employer (Graduate Engineer · MANUAL_APPLIED · 2026-07-27)
new  | 95052080 | RSG Recruitment Aust Pty Ltd | Project Engineer | new
DUP  | 95017184 | City of South Perth | Engineering Technical Officer - Engineering Design | same SEEK job already in the tracker
DUP  | 94998155 | City of Newcastle | Cadet Engineer | same SEEK job already in the tracker
new  | 95133694 | SFdesign Pty Ltd | Tekla Designer/ Draftsperson | new
new  | 95133296 | Man of Steel Fabrications | SolidWorks Designer / Draftsperson – Sheet Metal | new
new  | 95128661 | The Constructive Collective NSW Pty Ltd | Associate Civil Engineer | new
DUP  | 95113749 | ACCIONA Australia | Site Engineer | same company and role already in the tracker
new  | 95099352 | Public Sector People | Design Engineer (Roads) | new
new  | 95098286 | TasWater | Engineer Dam Infrastructure | new
new  | 95098260 | TasWater | Engineer Dam Infrastructure | new
new  | 95098241 | TasWater | Engineer Dam Infrastructure | new
new  | 95081355 | Zec Engineering | TEKLA Structural Steel Draftsperson Shop Detailer | new
new  | 95079301 | Ramler | Hotel & Hospitality Design Draftsperson | new
new  | 95021786 | SCP Consulting Pty Ltd | Draftsperson | new
DONE
