DUP  | 95048696 | PlanCon Build | Civil Engineering Draftsperson | same SEEK job already in the tracker
DUP  | 95042386 | Aptus | Civil Engineering | $100,000 - $140,000 + | Deliver SEQ's Future | same SEEK job already in the tracker
new  | 95038050 | ABS Civil WA Pty Ltd | Civil Estimator - Earthworks | new
DUP  | 95042927 | Strand Excavations | Civil Engineering Technician | same SEEK job already in the tracker
new  | 95054464 | Talent Web Property | Civil Design Engineer | new
DUP  | 95050602 | Ivory Group | Civil Engineer | recent outreach to the same employer (Site Engineer · MANUAL_APPLIED · 2026-07-20)
new  | 95052080 | RSG Recruitment Aust Pty Ltd | Project Engineer | new
new  | 95053124 | RSG Recruitment Aust Pty Ltd | Project Engineer | new
new  | 95036163 | Totem Civil Services group PTY LTD | Project Engineer/ Site Engineer | new
DUP  | 95049932 | The Global Beauty Group | Junior/Graduate Engineer | recent outreach to the same employer (Graduate Engineer · READY_JEREMIE_SEEK · 2026-10-03)
new  | 95047165 | GRANITE GROUP | Draftsperson | new
new  | 95042297 | Scotford Fennessy Recruitment | Civil Engineer | new
new  | 95037323 | Scotford Fennessy Recruitment | Senoir Structural Drafter - Gold Coast | new
DUP  | 95066695 | Freyssinet Australia Pty Ltd | Product Engineer / Estimator | recent outreach to the same employer (Graduate Engineer (Remedial) · APPLICATION_UNDER_REVIEW · 2026-09-27)
new  | 95068569 | Orange City Council | Water Treatment Engineer | new
DUP  | 95066694 | Freyssinet Australia Pty Ltd | VIE Design / Corrosion Engineer | recent outreach to the same employer (Graduate Engineer (Remedial) · APPLICATION_UNDER_REVIEW · 2026-09-27)
DUP  | 95066692 | Freyssinet Australia Pty Ltd | Site Engineer | recent outreach to the same employer (Graduate Engineer (Remedial) · APPLICATION_UNDER_REVIEW · 2026-09-27)
DUP  | 95066691 | Freyssinet Australia Pty Ltd | Pre-Contracts Engineer | recent outreach to the same employer (Graduate Engineer (Remedial) · APPLICATION_UNDER_REVIEW · 2026-09-27)
DUP  | 95066688 | Freyssinet Australia Pty Ltd | Corrosion Engineer | recent outreach to the same employer (Graduate Engineer (Remedial) · APPLICATION_UNDER_REVIEW · 2026-09-27)
new  | 95048982 | First Homebuilders | Draftsperson | new
new  | 95036821 | Green Start Consulting | Draftsperson / Allrounder | new
new  | 95068562 | Verve Recruitment | Draftsperson / Detailer (Microvellum / CAD) - Rockingham | new
new  | 95048741 | Verve Recruitment | Sheet Metal Draftsperson - Blacktown | new
new  | 95041618 | vitae group pty ltd | Estimator - Prefab Frame & Truss | new
new  | 95056001 | CellTec Pty Ltd | Graduate/Junior Controls Engineer | new
new  | 95050531 | ISGroup | Project Coordinator | new
new  | 95050127 | FSRequip Pty Ltd | Trainee Spare Parts | new
new  | 95046220 | Nexgen Pest Control | Pest Control Technician/ Trainee | new
DUP  | 95045816 | Hays | Construction | Project Engineer | recent outreach to the same employer (Site Engineer · MANUAL_APPLIED · 2026-07-15)
new  | 95061515 | Rio Tinto | Specialist Project Engineer | new
new  | 95057868 | Public Transport Authority | Track Engineer | new
new  | 95053498 | AusNet Services | Commissioning Engineer | new
new  | 95050816 | Legeneering (Aust) Pty Ltd | Project Coordinator | new
new  | 95068840 | Thiess | Engineer, Drill & Blast | new
new  | 95064591 | Newmont Australia | Engineer Backfill | new
new  | 95053032 | Innovaero | Manufacturing Engineer | new
new  | 95039531 | Harmony Australasia | Medium Term Mine Planning Engineer | new
new  | 95069834 | S&you | INSURANCE BUILDING ESTIMATOR | new
new  | 95062068 | Diligent Group | STRUCTURAL STEEL ESTIMATOR | new
new  | 95054557 | Combined Metal Industries | Project Coordinator - Fabrication Projects - Full Time | new
new  | 95041703 | Concrete by joe | Concreter and trainee | new
new  | 94961741 | Orion Mechanical Services | Estimating & Project Engineering Intern | new
DONE
