DUP  | 94936643 | Maker Consulting Services | Graduate and Undergraduate Civil Engineers | same SEEK job already in the tracker
new  | 94877601 | Quickway Constructions | Undergraduate Civil Engineer | new
DUP  | 95001725 | Aurecon | Civil Designer, Roads & Highways SEQ | recent outreach to the same employer (Civil Engineer, Land Infrastructure · READY_JEREMIE_EMPLOYER_PORTAL · 2026-09-30)
DUP  | 94989573 | Wallbridge Gilbert Aztec | Civil Designer | same SEEK job already in the tracker
DUP  | 95023909 | Seymour Whyte Constructions | Graduate Civil Engineer | recent outreach to the same employer (Graduate Program - Civil Engineering · MANUAL_APPLIED · 2026-09-27)
DUP  | 94987987 | D&J's Civil Construction Pty Ltd | Graduate Civil Engineer | recent outreach to the same employer (Civil Site Engineer · MANUAL_APPLIED · 2026-07-10)
new  | 94969508 | GPA Engineering | Civil/Structural Drafter – ADL | new
new  | 94871250 | WorkPac Technical and Operations | Civil Engineer – Urban Development & Infrastructure | new
DUP  | 94851275 | JCA Land Consultants | Graduate Civil Engineer - Wodonga | same SEEK job already in the tracker
DUP  | 94850865 | JCA Land Consultants | Graduate Civil Engineer | same SEEK job already in the tracker
DUP  | 95048696 | PlanCon Build | Civil Engineering Draftsperson | same SEEK job already in the tracker
DUP  | 95042386 | Aptus | Civil Engineering | $100,000 - $140,000 + | Deliver SEQ's Future | same SEEK job already in the tracker
DUP  | 94985965 | Brisbane Truss and Timber | Civil Engineer Draftsperson | same SEEK job already in the tracker
DUP  | 94984726 | STP Consultants | Junior Structural Draftsperson | recent outreach to the same employer (Junior Civil Draftsperson · READY_JEREMIE_SEEK · 2026-09-30)
DUP  | 94945295 | SSA Group | Civil Designers | All Levels | QLD | recent outreach to the same employer (Civil Design Engineer · MANUAL_APPLIED · 2026-08-06)
DUP  | 94940114 | NOTAZ International PTY LTD | Civil engineering draftsperson | same SEEK job already in the tracker
DUP  | 94939236 | Roesner and Hamilton Consulting Engineers Pty Ltd | Civil Engineering Draftsperson | same SEEK job already in the tracker
DUP  | 94911522 | PlusJob | Civil Engineering Draftsperson | same SEEK job already in the tracker
DUP  | 94845689 | Aurecon | Civil Engineer, Land Infrastructure | same SEEK job already in the tracker
DUP  | 94181392 | Stantec Australia Pty Ltd | Civil Designer | recent outreach to the same employer (Civil Cadet Drafter - QLD · READY_JEREMIE_EMPLOYER_PORTAL · 2026-09-12)
new  | 95038050 | ABS Civil WA Pty Ltd | Civil Estimator - Earthworks | new
DUP  | 95020684 | D&J's Civil Construction Pty Ltd | Civil Engineer | recent outreach to the same employer (Civil Site Engineer · MANUAL_APPLIED · 2026-07-10)
DUP  | 95001351 | City of Greater Geraldton | Graduate Engineering Officer | same SEEK job already in the tracker
DUP  | 94969053 | Charles Hull Contracting Co P/L | QA Officer / Graduate Civil Engineer | same SEEK job already in the tracker
new  | 94945333 | Verra Recruitment Pty Ltd | Project Engineer / Site Engineer - Civil | Relocate to Mackay | new
new  | 94900572 | Aptus | Civil 3D | Civil Design + Engineering | $110K - $135K + | new
DUP  | 95042927 | Strand Excavations | Civil Engineering Technician | same SEEK job already in the tracker
new  | 95021621 | Ertech Pty Ltd | Project Engineer (Civil) | new
DUP  | 94996381 | Mildura Rural City Council | Design Engineering Officer | same SEEK job already in the tracker
new  | 94958791 | ADF Careers | Part-Time Civil Engineer (Tax-Free Pay) | new
DUP  | 94960604 | Menai Civil Contractors | Cadet Site Engineer | recent outreach to the same employer (Site Engineer · MANUAL_APPLIED · 2026-07-07)
DUP  | 94960289 | City of Busselton | CIVIL DESIGNER | same SEEK job already in the tracker
DUP  | 94982627 | TBH Consulting | Consultant – Civil Engineer | same SEEK job already in the tracker
DUP  | 94954590 | Terpkos Engineering | Junior Draftsperson and Structural Draftsperson | same SEEK job already in the tracker
new  | 94938260 | Strategic Project Delivery | Civil Design Engineer | new
new  | 94935564 | Queanbeyan-Palerang Regional Council | Trainee - Civil Construction | new
new  | 95054464 | Talent Web Property | Civil Design Engineer | new
DUP  | 95050602 | Ivory Group | Civil Engineer | recent outreach to the same employer (Site Engineer · MANUAL_APPLIED · 2026-07-20)
DUP  | 95021629 | Westera Partners Pty Ltd | Civil Design Engineer - Brisbane | recent outreach to the same employer (Graduate Program application - civil engineering / design documentation (standing employer-published graduate intake; no dated vacancy) · PREPARED_NOT_SENT · 2026-09-11)
DUP  | 95013854 | Whitehorse City Council | Asset Engineer | same SEEK job already in the tracker
DUP  | 95012054 | Stantec Australia Pty Ltd | Civil Engineer | recent outreach to the same employer (Civil Cadet Drafter - QLD · READY_JEREMIE_EMPLOYER_PORTAL · 2026-09-12)
DUP  | 95011985 | Stantec Australia Pty Ltd | Civil Engineering Team Leader | recent outreach to the same employer (Civil Cadet Drafter - QLD · READY_JEREMIE_EMPLOYER_PORTAL · 2026-09-12)
DUP  | 94993048 | Moon Recruitment | Engineering Technical Officer | same SEEK job already in the tracker
DUP  | 94991047 | Inhabit Group | Civil Engineer | same SEEK job already in the tracker
DUP  | 94985294 | Stantec Australia Pty Ltd | Civil Engineer | recent outreach to the same employer (Civil Cadet Drafter - QLD · READY_JEREMIE_EMPLOYER_PORTAL · 2026-09-12)
new  | 94958409 | Right Connect | Structural Drafter | new
DUP  | 94939016 | Egis | Civil Engineer (Urban Development) | recent outreach to the same employer (Graduate Consultant - Rail · READY_JEREMIE_SEEK · 2026-10-01)
DUP  | 94936455 | Maker Consulting Services | Civil Engineer | recent outreach to the same employer (Graduate and Undergraduate Civil Engineers · PREPARED_NOT_SENT · 2026-09-30)
DUP  | 94932703 | Central Highlands Water | Graduate Infrastructure Planning and Delivery | same SEEK job already in the tracker
DUP  | 94929929 | L+R Consulting | Civil Engineer | recent outreach to the same employer (Civil Engineer · MANUAL_APPLIED · 2026-08-07)
DUP  | 94847650 | STP Consultants | Civil Engineer | recent outreach to the same employer (Junior Civil Draftsperson · READY_JEREMIE_SEEK · 2026-09-30)
DUP  | 94842398 | Northrop Consulting Engineers Pty Ltd | Civil Engineer | recent outreach to the same employer (Expression of Interest / Tell Us About You - early career civil · READY_JEREMIE_EMPLOYER_FORM · 2026-10-02)
DUP  | 95030963 | SRG Global | Site Engineer | same SEEK job already in the tracker
new  | 95021747 | Contec Recruitment Pty Ltd | Civil Estimator  | new
DUP  | 95021585 | Cascada | AutoCAD Draftsperson - Reinforced Concrete | same SEEK job already in the tracker
DUP  | 94990797 | CPB Contractors NSW ACT | Site Engineer - Infrastructure, Building, Trades & Works | same SEEK job already in the tracker
DUP  | 94990020 | Gough Recruitment SA | Civil Estimator | same SEEK job already in the tracker
DUP  | 94925455 | Hanlons Consulting | Civil Engineer/Civil Designer | same SEEK job already in the tracker
new  | 94868128 | Shadforth | Civil Estimators | new
DUP  | 94823521 | Shire of Capel | Engineering Technical Officer | same SEEK job already in the tracker
new  | 94815766 | Shadforth | Site and Project Engineers | new
new  | 95052080 | RSG Recruitment Aust Pty Ltd | Project Engineer | new
DUP  | 95017184 | City of South Perth | Engineering Technical Officer - Engineering Design | same SEEK job already in the tracker
DUP  | 94998155 | City of Newcastle | Cadet Engineer | same SEEK job already in the tracker
new  | 94978646 | Smith & Co | Estimator | new
new  | 95053124 | RSG Recruitment Aust Pty Ltd | Project Engineer | new
new  | 95036163 | Totem Civil Services group PTY LTD | Project Engineer/ Site Engineer | new
new  | 95021786 | SCP Consulting Pty Ltd | Draftsperson | new
new  | 95009307 | The Lorian Group | Construction Cadet / Junior PM | new
new  | 95002679 | Sunshine Coast Council | Design Engineer | new
DUP  | 95007162 | Inhabit Group | Graduate Consultant - Rail | same SEEK job already in the tracker
new  | 94994373 | Tungsten Mining | Civil Project Engineer | new
DUP  | 94991390 | Sunshine Coast Council | Design Engineer | same SEEK job already in the tracker
new  | 94987271 | Randstad - Construction, Property & Engineering | Estimator | new
DUP  | 94984460 | CONCRETE SEAL PTY LTD | Cadet Estimator & Project Coordinator — Commercial Waterproofing | same SEEK job already in the tracker
DUP  | 94972758 | Information Quality | Junior in Engineering Drafting | same SEEK job already in the tracker
new  | 94930821 | Project BA | Cadet Building Certifier / Engineering Graduate | new
DUP  | 94913320 | Dubbo Regional Council | Design Engineer | same SEEK job already in the tracker
new  | 94907504 | SEE Group | Project Engineer & Site Engineer | new
DUP  | 94904094 | ACCENT BENCHTOPS | Junior CAD Draftsperson / Production Designer | same SEEK job already in the tracker
DONE
